[START] 5.1 - 2026-06-18 18:59:41
# ==============================================================
# 5.1.1 - Lightweight runtime bootstrap
# ==============================================================
- SCRIPT_NAME: dropout_bench_v3_D_01_contract_runtime_materialization.py
- NOTEBOOK_NAME: dropout_bench_v3_D_5_1.ipynb
- RUN_ID: f3766e75053447a7beb7a1c4936d231f
- CPU_CORES: 8
- DUCKDB_PATH: /Users/rafars/dropout_benchmark_desenv/outputs_benchmark_survival/benchmark_survival.duckdb
ARTIFACT | shared_config | /Users/rafars/dropout_benchmark_desenv/benchmark_shared_config.toml
ARTIFACT | modeling_contract | /Users/rafars/dropout_benchmark_desenv/benchmark_modeling_contract.toml
ARTIFACT | run_metadata | /Users/rafars/dropout_benchmark_desenv/outputs_benchmark_survival/metadata/run_metadata.json
[END] 5.1.1 - 2026-06-18 18:59:42
[START] 5.1 - 2026-06-18 18:59:42
# ==============================================================
# 5.1.2 - Validate the shared runtime and modeling contract
# ==============================================================
  config_key                                                                                config_value                       source
      run_id                                                            f3766e75053447a7beb7a1c4936d231f            run_metadata.json
 duckdb_path /Users/rafars/dropout_benchmark_desenv/outputs_benchmark_survival/benchmark_survival.duckdb benchmark_shared_config.toml
  output_dir                           /Users/rafars/dropout_benchmark_desenv/outputs_benchmark_survival benchmark_shared_config.toml
  tables_dir                    /Users/rafars/dropout_benchmark_desenv/outputs_benchmark_survival/tables benchmark_shared_config.toml
metadata_dir                  /Users/rafars/dropout_benchmark_desenv/outputs_benchmark_survival/metadata benchmark_shared_config.toml
                         config_key                                                                                                                                                                                                                                                                                                                                                                                                                                                                                                                                                    config_value                                                    source
                        random_seed                                                                                                                                                                                                                                                                                                                                                                                                                                                                                                                                                              42                          benchmark_modeling_contract.toml
                          test_size                                                                                                                                                                                                                                                                                                                                                                                                                                                                                                                                                             0.3                          benchmark_modeling_contract.toml
                 benchmark_horizons                                                                                                                                                                                                                                                                                                                                                                                                                                                                                                                                                    10 | 20 | 30                          benchmark_modeling_contract.toml
                   calibration_bins                                                                                                                                                                                                                                                                                                                                                                                                                                                                                                                                                              10                          benchmark_modeling_contract.toml
                 early_window_weeks                                                                                                                                                                                                                                                                                                                                                                                                                                                                                                                                                               4                          benchmark_modeling_contract.toml
       main_enrollment_window_weeks                                                                                                                                                                                                                                                                                                                                                                                                                                                                                                                                                               4                          benchmark_modeling_contract.toml
     early_window_sensitivity_weeks                                                                                                                                                                                                                                                                                                                                                                                                                                                                                                                                              2 | 4 | 6 | 8 | 10                          benchmark_modeling_contract.toml
                main_clicks_feature                                                                                                                                                                                                                                                                                                                                                                                                                                                                                                                                            clicks_first_4_weeks                          benchmark_modeling_contract.toml
                main_active_feature                                                                                                                                                                                                                                                                                                                                                                                                                                                                                                                                            active_weeks_first_4                          benchmark_modeling_contract.toml
           main_mean_clicks_feature                                                                                                                                                                                                                                                                                                                                                                                                                                                                                                                                       mean_clicks_first_4_weeks                          benchmark_modeling_contract.toml
                    static_features                                                                                                                                                                                                                                                                                                                                                                                                                                                                                                                          studied_credits | num_of_prev_attempts                          benchmark_modeling_contract.toml
         temporal_features_discrete                                                                                                                                                                                                                                                                                                                                                                                                                                                                                                                                             week | total_clicks                          benchmark_modeling_contract.toml
    main_enrollment_window_features                                                                                                                                                                                                                                                                                                                                                                                                                                                                                                   studied_credits | num_of_prev_attempts | clicks_first_4_weeks                          benchmark_modeling_contract.toml
optional_comparable_window_features                                                                                                                                                                                                                                                                                                                                                                                                                                                                                                                active_weeks_first_4 | mean_clicks_first_4_weeks                          benchmark_modeling_contract.toml
        dynamic_arm_features_linear                                                                                                                                                                                                                                                                                                                                                                                                                                                                                                    week | total_clicks | studied_credits | num_of_prev_attempts                          benchmark_modeling_contract.toml
        dynamic_arm_features_neural                                                                                                                                                                                                                                                                                                                                                                                                                                                                                                    week | total_clicks | studied_credits | num_of_prev_attempts                          benchmark_modeling_contract.toml
       calibration_contract_version                                                                                                                                                                                                                                                                                                                                                                                                                                                                                                                                        v2_ipcw_km_observed_risk                           dropout_bench_v3_D_00_common.py
   calibration_observed_risk_method                                                                                                                                                                                                                                                                                                                                                                                                                                                                                                                                       ipcw_km_pseudo_event_rate                           dropout_bench_v3_D_00_common.py
          item_6_weighting_protocol {"comparison_rule": "official_baseline_vs_weighted_variant_same_split_same_features_same_evaluation", "promotion_rule": "promote_only_if_weighted_variant_consistently_outperforms_official_baseline", "stage_weighting_protocol": {"D5.2": "official_baseline_vs_weighted_variant", "D5.3": "official_baseline_vs_weighted_variant", "D5.6": "official_baseline_vs_weighted_variant", "D5.7": "gb_weekly_hazard_unweighted_vs_weighted_variant", "D5.8": "official_baseline_vs_weighted_variant"}, "tuning_policy": "full_variant_specific_retuning_required"} dropout_bench_v3_D_01_contract_runtime_materialization.py
     selected_official_window_weeks                                                                                                                                                                                                                                                                                                                                                                                                                                                                                                                                                         pending dropout_bench_v3_D_01_contract_runtime_materialization.py
     selected_loss_variant_by_stage                                                                                                                                                                                                                                                                                                                                                                                                                                                            {"D5.2": "weighted", "D5.3": "weighted", "D5.6": "weighted", "D5.7": "weighted", "D5.8": "weighted"} dropout_bench_v3_D_01_contract_runtime_materialization.py
ARTIFACT | modeling_config_metadata | /Users/rafars/dropout_benchmark_desenv/outputs_benchmark_survival/metadata/metadata_5_1_modeling_config.json
[END] 5.1.2 - 2026-06-18 18:59:42
[START] 5.1 - 2026-06-18 18:59:42
# ==============================================================
# 5.1.3 - Materialize auditable D5.1 contract tables
# ==============================================================
[Stage 5.1.3 table_5_1_runtime_contract — Runtime configuration contract]
table_name=table_5_1_runtime_contract
rows=5, cols=3
  config_key                                                                                config_value                       source
      run_id                                                            f3766e75053447a7beb7a1c4936d231f            run_metadata.json
 duckdb_path /Users/rafars/dropout_benchmark_desenv/outputs_benchmark_survival/benchmark_survival.duckdb benchmark_shared_config.toml
  output_dir                           /Users/rafars/dropout_benchmark_desenv/outputs_benchmark_survival benchmark_shared_config.toml
  tables_dir                    /Users/rafars/dropout_benchmark_desenv/outputs_benchmark_survival/tables benchmark_shared_config.toml
metadata_dir                  /Users/rafars/dropout_benchmark_desenv/outputs_benchmark_survival/metadata benchmark_shared_config.toml
ARTIFACT | Stage 5.1.3 table_5_1_runtime_contract — Runtime configuration contract | duckdb://table_5_1_runtime_contract
[Stage 5.1.3 table_5_1_modeling_contract — Modeling configuration contract]
table_name=table_5_1_modeling_contract
rows=21, cols=3
                         config_key                                                                                                                                                                                                                                                                                                                                                                                                                                                                                                                                                    config_value                                                    source
                        random_seed                                                                                                                                                                                                                                                                                                                                                                                                                                                                                                                                                              42                          benchmark_modeling_contract.toml
                          test_size                                                                                                                                                                                                                                                                                                                                                                                                                                                                                                                                                             0.3                          benchmark_modeling_contract.toml
                 benchmark_horizons                                                                                                                                                                                                                                                                                                                                                                                                                                                                                                                                                    10 | 20 | 30                          benchmark_modeling_contract.toml
                   calibration_bins                                                                                                                                                                                                                                                                                                                                                                                                                                                                                                                                                              10                          benchmark_modeling_contract.toml
                 early_window_weeks                                                                                                                                                                                                                                                                                                                                                                                                                                                                                                                                                               4                          benchmark_modeling_contract.toml
       main_enrollment_window_weeks                                                                                                                                                                                                                                                                                                                                                                                                                                                                                                                                                               4                          benchmark_modeling_contract.toml
     early_window_sensitivity_weeks                                                                                                                                                                                                                                                                                                                                                                                                                                                                                                                                              2 | 4 | 6 | 8 | 10                          benchmark_modeling_contract.toml
                main_clicks_feature                                                                                                                                                                                                                                                                                                                                                                                                                                                                                                                                            clicks_first_4_weeks                          benchmark_modeling_contract.toml
                main_active_feature                                                                                                                                                                                                                                                                                                                                                                                                                                                                                                                                            active_weeks_first_4                          benchmark_modeling_contract.toml
           main_mean_clicks_feature                                                                                                                                                                                                                                                                                                                                                                                                                                                                                                                                       mean_clicks_first_4_weeks                          benchmark_modeling_contract.toml
                    static_features                                                                                                                                                                                                                                                                                                                                                                                                                                                                                                                          studied_credits | num_of_prev_attempts                          benchmark_modeling_contract.toml
         temporal_features_discrete                                                                                                                                                                                                                                                                                                                                                                                                                                                                                                                                             week | total_clicks                          benchmark_modeling_contract.toml
    main_enrollment_window_features                                                                                                                                                                                                                                                                                                                                                                                                                                                                                                   studied_credits | num_of_prev_attempts | clicks_first_4_weeks                          benchmark_modeling_contract.toml
optional_comparable_window_features                                                                                                                                                                                                                                                                                                                                                                                                                                                                                                                active_weeks_first_4 | mean_clicks_first_4_weeks                          benchmark_modeling_contract.toml
        dynamic_arm_features_linear                                                                                                                                                                                                                                                                                                                                                                                                                                                                                                    week | total_clicks | studied_credits | num_of_prev_attempts                          benchmark_modeling_contract.toml
        dynamic_arm_features_neural                                                                                                                                                                                                                                                                                                                                                                                                                                                                                                    week | total_clicks | studied_credits | num_of_prev_attempts                          benchmark_modeling_contract.toml
       calibration_contract_version                                                                                                                                                                                                                                                                                                                                                                                                                                                                                                                                        v2_ipcw_km_observed_risk                           dropout_bench_v3_D_00_common.py
   calibration_observed_risk_method                                                                                                                                                                                                                                                                                                                                                                                                                                                                                                                                       ipcw_km_pseudo_event_rate                           dropout_bench_v3_D_00_common.py
          item_6_weighting_protocol {"comparison_rule": "official_baseline_vs_weighted_variant_same_split_same_features_same_evaluation", "promotion_rule": "promote_only_if_weighted_variant_consistently_outperforms_official_baseline", "stage_weighting_protocol": {"D5.2": "official_baseline_vs_weighted_variant", "D5.3": "official_baseline_vs_weighted_variant", "D5.6": "official_baseline_vs_weighted_variant", "D5.7": "gb_weekly_hazard_unweighted_vs_weighted_variant", "D5.8": "official_baseline_vs_weighted_variant"}, "tuning_policy": "full_variant_specific_retuning_required"} dropout_bench_v3_D_01_contract_runtime_materialization.py
     selected_official_window_weeks                                                                                                                                                                                                                                                                                                                                                                                                                                                                                                                                                         pending dropout_bench_v3_D_01_contract_runtime_materialization.py
ARTIFACT | Stage 5.1.3 table_5_1_modeling_contract — Modeling configuration contract | duckdb://table_5_1_modeling_contract
[END] 5.1.3 - 2026-06-18 18:59:42
[START] 5.1 - 2026-06-18 18:59:42
# ==============================================================
# 5.1.4 - Persist the stage D5.1 metadata artifact
# ==============================================================
ARTIFACT | metadata_5_1_modeling_config | /Users/rafars/dropout_benchmark_desenv/outputs_benchmark_survival/metadata/metadata_5_1_modeling_config.json
{
  "random_seed": 42,
  "test_size": 0.3,
  "benchmark_horizons": [
    10,
    20,
    30
  ],
  "calibration_bins": 10,
  "early_window_weeks": 4,
  "main_enrollment_window_weeks": 4,
  "early_window_sensitivity_weeks": [
    2,
    4,
    6,
    8,
    10
  ],
  "main_clicks_feature": "clicks_first_4_weeks",
  "main_active_feature": "active_weeks_first_4",
  "main_mean_clicks_feature": "mean_clicks_first_4_weeks",
  "static_features": [
    "studied_credits",
    "num_of_prev_attempts"
  ],
  "temporal_features_discrete": [
    "week",
    "total_clicks"
  ],
  "main_enrollment_window_features": [
    "studied_credits",
    "num_of_prev_attempts",
    "clicks_first_4_weeks"
  ],
  "optional_comparable_window_features": [
    "active_weeks_first_4",
    "mean_clicks_first_4_weeks"
  ],
  "dynamic_arm_features_linear": [
    "week",
    "total_clicks",
    "studied_credits",
    "num_of_prev_attempts"
  ],
  "dynamic_arm_features_neural": [
    "week",
    "total_clicks",
    "studied_credits",
    "num_of_prev_attempts"
  ],
  "calibration_contract_version": "v2_ipcw_km_observed_risk",
  "calibration_observed_risk_method": "ipcw_km_pseudo_event_rate",
  "item_6_weighting_protocol": {
    "comparison_rule": "official_baseline_vs_weighted_variant_same_split_same_features_same_evaluation",
    "promotion_rule": "promote_only_if_weighted_variant_consistently_outperforms_official_baseline",
    "tuning_policy": "full_variant_specific_retuning_required",
    "stage_weighting_protocol": {
      "D5.2": "official_baseline_vs_weighted_variant",
      "D5.3": "official_baseline_vs_weighted_variant",
      "D5.6": "official_baseline_vs_weighted_variant",
      "D5.7": "gb_weekly_hazard_unweighted_vs_weighted_variant",
      "D5.8": "official_baseline_vs_weighted_variant"
    }
  },
  "selected_official_window_weeks": "pending",
  "selected_loss_variant_by_stage": {
    "D5.2": "weighted",
    "D5.3": "weighted",
    "D5.6": "weighted",
    "D5.7": "weighted",
    "D5.8": "weighted"
  }
}

[END] 5.1.4 - 2026-06-18 18:59:42
[START] 5.1 - 2026-06-18 18:59:42
# ==============================================================
# 5.1.5 - Close the DuckDB runtime cleanly
# ==============================================================
[util] DuckDB connection closed.
[END] 5.1.5 - 2026-06-18 18:59:42
