[START] G0 - 2026-06-19 23:22:13
Runtime context ready.
- NOTEBOOK_NAME: dropout_bench_v3_G_explainability_paper.ipynb
- RUN_ID       : f3766e75053447a7beb7a1c4936d231f
- DUCKDB_PATH  : /Users/rafars/dropout_benchmark_desenv/outputs_benchmark_survival/benchmark_survival.duckdb
- MONOLITHIC   : /Users/rafars/dropout_benchmark_desenv/dropout_bench.ipynb
[END] G0 - 2026-06-19 23:22:15
[START] G0.1 - 2026-06-19 23:22:15
Runtime contract validated.
[END] G0.1 - 2026-06-19 23:22:15
[START] G0.2 - 2026-06-19 23:22:15
Shared globals harmonized for G notebook.
- DATA_DIR    : /Users/rafars/dropout_benchmark_desenv/outputs_benchmark_survival/data
- TABLES_DIR  : /Users/rafars/dropout_benchmark_desenv/outputs_benchmark_survival/tables
- METADATA_DIR: /Users/rafars/dropout_benchmark_desenv/outputs_benchmark_survival/metadata
[END] G0.2 - 2026-06-19 23:22:15
[START] G1 - 2026-06-19 23:22:15

======================================================================
G1 — Define Explainability Protocol
======================================================================
Methodological note: this step defines the explainability study only.
No model is trained and no explanation is computed here.
G1: materialized DuckDB table -> table_explainability_model_registry
G1: materialized DuckDB table -> table_explainability_feature_blocks
G1: materialized DuckDB table -> table_explainability_block_taxonomy
G1: materialized DuckDB table -> table_explainability_outputs

Explainability model registry:
             model_id  ...                                   positioning_note
0  poisson_pexp_tuned  ...  Dynamic GLM anchor with log-rate coefficients;...
1        linear_tuned  ...  Dynamic logistic discrete-time anchor with dir...
2     gb_weekly_tuned  ...  Dynamic GB benchmark using MDI (mean decrease ...
3        neural_tuned  ...  Dynamic neural benchmark using grouped permuta...
4           cox_tuned  ...  Classical comparable continuous-time anchor wi...
5      deepsurv_tuned  ...  Nonlinear comparable continuous-time benchmark...
6           rsf_tuned  ...  Tree-based comparable benchmark and the curren...
7          mtlr_tuned  ...  Discrete-time-inspired continuous-time compara...

[8 rows x 9 columns]

Explainability feature blocks:
                      block_id  ...                                interpretation_goal
0            static_structural  ...  Assess contribution of background and structur...
1        early_window_behavior  ...  Assess contribution of compressed early-course...
2  dynamic_temporal_behavioral  ...  Assess contribution of dynamic weekly behavior...
3          discrete_time_index  ...  Assess contribution of elapsed time (week inde...

[4 rows x 5 columns]

Explainability taxonomy:
                      block_id  ...                                  manuscript_reason
0            static_structural  ...  Captures background and enrollment structure t...
1        early_window_behavior  ...  Captures compressed early-course engagement pa...
2  dynamic_temporal_behavioral  ...  Captures rich week-by-week engagement; primary...
3          discrete_time_index  ...  Week index encodes hazard shape; important for...

[4 rows x 5 columns]

Explainability planned outputs:
                             output_id  ...          planned_for
0               global_feature_ranking  ...           all_models
1                feature_block_summary  ...           all_models
2                  signed_effect_table  ...            cox_tuned
3  cross_family_explainability_summary  ...  final_consolidation

[4 rows x 3 columns]

Explainability protocol summary:
               scope  ...                             paper_positioning_note
0  tuned_models_only  ...  Explainability is treated here as a post-bench...

[1 rows x 5 columns]

Saved:
- /Users/rafars/dropout_benchmark_desenv/outputs_benchmark_survival/tables/table_explainability_model_registry.csv
- /Users/rafars/dropout_benchmark_desenv/outputs_benchmark_survival/tables/table_explainability_feature_blocks.csv
- /Users/rafars/dropout_benchmark_desenv/outputs_benchmark_survival/tables/table_explainability_block_taxonomy.csv
- /Users/rafars/dropout_benchmark_desenv/outputs_benchmark_survival/tables/table_explainability_outputs.csv
- /Users/rafars/dropout_benchmark_desenv/outputs_benchmark_survival/metadata/explainability_config.json
[END] G1 - 2026-06-19 23:22:15
[START] G2 - 2026-06-19 23:22:15

======================================================================
G2 — Explainability for Linear Tuned
======================================================================
Methodological note: this step computes global explainability
for the tuned linear discrete-time hazard model.
G2: materialized DuckDB table -> table_linear_explainability_feature_coefficients
G2: materialized DuckDB table -> table_linear_explainability_signed_effects
G2: materialized DuckDB table -> table_linear_explainability_block_summary
G2: materialized DuckDB table -> table_linear_explainability_top_positive
G2: materialized DuckDB table -> table_linear_explainability_top_negative

Top features by absolute coefficient:
                                     feature_name_out  ...                    effect_direction
0                                num__n_vle_rows_week  ...  decreases_log_odds_of_weekly_event
1                              num__total_clicks_week  ...  decreases_log_odds_of_weekly_event
2                          num__n_distinct_sites_week  ...  increases_log_odds_of_weekly_event
3                             num__cum_clicks_until_t  ...  increases_log_odds_of_weekly_event
4                                num__studied_credits  ...  increases_log_odds_of_weekly_event
5                                  cat__imd_band_None  ...  decreases_log_odds_of_weekly_event
6                                cat__region_Scotland  ...  decreases_log_odds_of_weekly_event
7                           num__num_of_prev_attempts  ...  decreases_log_odds_of_weekly_event
8                                 cat__region_Ireland  ...  decreases_log_odds_of_weekly_event
9                               cat__imd_band_90-100%  ...  decreases_log_odds_of_weekly_event
10                                  cat__region_Wales  ...  decreases_log_odds_of_weekly_event
11                               cat__imd_band_70-80%  ...  decreases_log_odds_of_weekly_event
12                               cat__imd_band_80-90%  ...  decreases_log_odds_of_weekly_event
13       cat__highest_education_A Level or Equivalent  ...  decreases_log_odds_of_weekly_event
14            cat__highest_education_HE Qualification  ...  decreases_log_odds_of_weekly_event
15                                 cat__age_band_55<=  ...  decreases_log_odds_of_weekly_event
16                                       num__recency  ...  decreases_log_odds_of_weekly_event
17                                          num__week  ...  decreases_log_odds_of_weekly_event
18                                cat__age_band_35-55  ...  decreases_log_odds_of_weekly_event
19  cat__highest_education_Post Graduate Qualifica...  ...  decreases_log_odds_of_weekly_event

[20 rows x 6 columns]

Top positive effects:
                          feature_name_out  ...                    effect_direction
0               num__n_distinct_sites_week  ...  increases_log_odds_of_weekly_event
1                  num__cum_clicks_until_t  ...  increases_log_odds_of_weekly_event
2                     num__studied_credits  ...  increases_log_odds_of_weekly_event
3                            cat__gender_M  ...  increases_log_odds_of_weekly_event
4                        cat__disability_Y  ...  decreases_log_odds_of_weekly_event
5                        cat__disability_N  ...  decreases_log_odds_of_weekly_event
6   cat__highest_education_No Formal quals  ...  decreases_log_odds_of_weekly_event
7                 cat__region_North Region  ...  decreases_log_odds_of_weekly_event
8                            cat__gender_F  ...  decreases_log_odds_of_weekly_event
9             cat__region_Yorkshire Region  ...  decreases_log_odds_of_weekly_event
10               cat__region_London Region  ...  decreases_log_odds_of_weekly_event
11           cat__region_South West Region  ...  decreases_log_odds_of_weekly_event
12        cat__region_West Midlands Region  ...  decreases_log_odds_of_weekly_event
13        cat__region_North Western Region  ...  decreases_log_odds_of_weekly_event
14                cat__region_South Region  ...  decreases_log_odds_of_weekly_event

[15 rows x 6 columns]

Top negative effects:
                                feature_name_out  ...                    effect_direction
0                           num__n_vle_rows_week  ...  decreases_log_odds_of_weekly_event
1                         num__total_clicks_week  ...  decreases_log_odds_of_weekly_event
2                             cat__imd_band_None  ...  decreases_log_odds_of_weekly_event
3                           cat__region_Scotland  ...  decreases_log_odds_of_weekly_event
4                      num__num_of_prev_attempts  ...  decreases_log_odds_of_weekly_event
5                            cat__region_Ireland  ...  decreases_log_odds_of_weekly_event
6                          cat__imd_band_90-100%  ...  decreases_log_odds_of_weekly_event
7                              cat__region_Wales  ...  decreases_log_odds_of_weekly_event
8                           cat__imd_band_70-80%  ...  decreases_log_odds_of_weekly_event
9                           cat__imd_band_80-90%  ...  decreases_log_odds_of_weekly_event
10  cat__highest_education_A Level or Equivalent  ...  decreases_log_odds_of_weekly_event
11       cat__highest_education_HE Qualification  ...  decreases_log_odds_of_weekly_event
12                            cat__age_band_55<=  ...  decreases_log_odds_of_weekly_event
13                                  num__recency  ...  decreases_log_odds_of_weekly_event
14                                     num__week  ...  decreases_log_odds_of_weekly_event

[15 rows x 6 columns]

Feature-block summary:
                 feature_block  ...  mean_coefficient
0  dynamic_temporal_behavioral  ...         -2.066105
1          discrete_time_index  ...         -0.831354
2            static_structural  ...         -0.572043

[3 rows x 6 columns]

Saved:
- /Users/rafars/dropout_benchmark_desenv/outputs_benchmark_survival/tables/table_linear_explainability_feature_coefficients.csv
- /Users/rafars/dropout_benchmark_desenv/outputs_benchmark_survival/tables/table_linear_explainability_signed_effects.csv
- /Users/rafars/dropout_benchmark_desenv/outputs_benchmark_survival/tables/table_linear_explainability_block_summary.csv
- /Users/rafars/dropout_benchmark_desenv/outputs_benchmark_survival/tables/table_linear_explainability_top_positive.csv
- /Users/rafars/dropout_benchmark_desenv/outputs_benchmark_survival/tables/table_linear_explainability_top_negative.csv
- /Users/rafars/dropout_benchmark_desenv/outputs_benchmark_survival/metadata/linear_explainability_summary.json
[END] G2 - 2026-06-19 23:22:15
[START] G3 - 2026-06-19 23:22:15

======================================================================
G3 — Explainability for Neural Tuned (Revised v2)
======================================================================
Methodological note: this step computes global explainability
for the tuned neural discrete-time survival model using GROUPED
permutation importance at the original-feature level.
[END] G3 - 2026-06-19 23:22:18
[START] G3.1 - 2026-06-19 23:22:18
[END] G3.1 - 2026-06-19 23:22:18
[START] G3.2 - 2026-06-19 23:22:18
[END] G3.2 - 2026-06-19 23:24:00
[START] G3.3 - 2026-06-19 23:24:00
[END] G3.3 - 2026-06-19 23:24:00
[START] G3.4 - 2026-06-19 23:24:00
[END] G3.4 - 2026-06-19 23:24:00
[START] G3.5 - 2026-06-19 23:24:00
[END] G3.5 - 2026-06-19 23:24:00
[START] G3.6 - 2026-06-19 23:24:00
[END] G3.6 - 2026-06-19 23:24:00
[START] G3.7 - 2026-06-19 23:24:00
G3: materialized DuckDB table -> table_neural_explainability_grouped_permutation_importance
G3: materialized DuckDB table -> table_neural_explainability_grouped_block_summary
G3: materialized DuckDB table -> table_neural_explainability_grouped_top_features

Top neural features by GROUPED permutation importance:
    feature_name_original  ...                feature_block
0                    week  ...          discrete_time_index
1        active_this_week  ...  dynamic_temporal_behavioral
2                 recency  ...  dynamic_temporal_behavioral
3      cum_clicks_until_t  ...  dynamic_temporal_behavioral
4                  streak  ...  dynamic_temporal_behavioral
5         studied_credits  ...            static_structural
6         n_vle_rows_week  ...  dynamic_temporal_behavioral
7   n_distinct_sites_week  ...  dynamic_temporal_behavioral
8                  region  ...            static_structural
9                  gender  ...            static_structural
10   num_of_prev_attempts  ...            static_structural
11      highest_education  ...            static_structural
12               imd_band  ...            static_structural
13               age_band  ...            static_structural
14             disability  ...            static_structural
15      total_clicks_week  ...  dynamic_temporal_behavioral

[16 rows x 19 columns]

Neural grouped feature-block summary:
                 feature_block  ...  mean_importance_score_auc
0          discrete_time_index  ...                   0.265907
1  dynamic_temporal_behavioral  ...                   0.053315
2            static_structural  ...                   0.015584

[3 rows x 6 columns]

Saved:
- /Users/rafars/dropout_benchmark_desenv/outputs_benchmark_survival/tables/table_neural_explainability_grouped_permutation_importance.csv
- /Users/rafars/dropout_benchmark_desenv/outputs_benchmark_survival/tables/table_neural_explainability_grouped_block_summary.csv
- /Users/rafars/dropout_benchmark_desenv/outputs_benchmark_survival/tables/table_neural_explainability_grouped_top_features.csv
- /Users/rafars/dropout_benchmark_desenv/outputs_benchmark_survival/metadata/neural_explainability_grouped_summary.json
[END] G3.7 - 2026-06-19 23:24:36
[START] G4 - 2026-06-19 23:24:36

======================================================================
G4 — Explainability for Cox Tuned (Revised)
======================================================================
Methodological note: this step computes global explainability
for the tuned Cox comparable benchmark.
[END] G4 - 2026-06-19 23:24:36
[START] G4.1 - 2026-06-19 23:24:36
[END] G4.1 - 2026-06-19 23:24:36
[START] G4.2 - 2026-06-19 23:24:36
[END] G4.2 - 2026-06-19 23:24:36
[START] G4.3 - 2026-06-19 23:24:36
[END] G4.3 - 2026-06-19 23:24:36
[START] G4.4 - 2026-06-19 23:24:36
G4: materialized DuckDB table -> table_cox_explainability_feature_coefficients
G4: materialized DuckDB table -> table_cox_explainability_signed_effects
G4: materialized DuckDB table -> table_cox_explainability_block_summary
G4: materialized DuckDB table -> table_cox_explainability_top_positive
G4: materialized DuckDB table -> table_cox_explainability_top_negative
G4: materialized DuckDB table -> table_cox_explainability_significant_effects

Top Cox features by absolute coefficient:
                             feature_name_out  ...  effect_direction
0                   num__clicks_first_4_weeks  ...  decreases_hazard
1              num__mean_clicks_first_4_weeks  ...  increases_hazard
2      cat__highest_education_No Formal quals  ...  increases_hazard
3                          cat__imd_band_None  ...  decreases_hazard
4   cat__highest_education_Lower Than A Level  ...  increases_hazard
5                        cat__region_Scotland  ...  decreases_hazard
6                   num__active_weeks_first_4  ...  decreases_hazard
7                           cat__region_Wales  ...  decreases_hazard
8                       cat__imd_band_90-100%  ...  decreases_hazard
9                        num__studied_credits  ...  increases_hazard
10                          cat__disability_N  ...  decreases_hazard
11                          cat__disability_Y  ...  increases_hazard
12                       cat__imd_band_70-80%  ...  decreases_hazard
13                              cat__gender_M  ...  increases_hazard
14                              cat__gender_F  ...  decreases_hazard
15                   cat__region_North Region  ...  increases_hazard
16                       cat__imd_band_20-30%  ...  increases_hazard
17                       cat__imd_band_80-90%  ...  decreases_hazard
18                        cat__imd_band_0-10%  ...  increases_hazard
19                        cat__region_Ireland  ...  decreases_hazard

[20 rows x 13 columns]

Top positive Cox effects:
                             feature_name_out  ...  effect_direction
0              num__mean_clicks_first_4_weeks  ...  increases_hazard
1      cat__highest_education_No Formal quals  ...  increases_hazard
2   cat__highest_education_Lower Than A Level  ...  increases_hazard
3                        num__studied_credits  ...  increases_hazard
4                           cat__disability_Y  ...  increases_hazard
5                               cat__gender_M  ...  increases_hazard
6                    cat__region_North Region  ...  increases_hazard
7                        cat__imd_band_20-30%  ...  increases_hazard
8                         cat__imd_band_0-10%  ...  increases_hazard
9            cat__region_East Midlands Region  ...  increases_hazard
10              cat__region_South West Region  ...  increases_hazard
11               cat__region_Yorkshire Region  ...  increases_hazard
12           cat__region_West Midlands Region  ...  increases_hazard
13                        cat__imd_band_10-20  ...  increases_hazard
14                         cat__age_band_0-35  ...  increases_hazard

[15 rows x 13 columns]

Top negative Cox effects:
                                     feature_name_out  ...  effect_direction
0                           num__clicks_first_4_weeks  ...  decreases_hazard
1                                  cat__imd_band_None  ...  decreases_hazard
2                                cat__region_Scotland  ...  decreases_hazard
3                           num__active_weeks_first_4  ...  decreases_hazard
4                                   cat__region_Wales  ...  decreases_hazard
5                               cat__imd_band_90-100%  ...  decreases_hazard
6                                   cat__disability_N  ...  decreases_hazard
7                                cat__imd_band_70-80%  ...  decreases_hazard
8                                       cat__gender_F  ...  decreases_hazard
9                                cat__imd_band_80-90%  ...  decreases_hazard
10                                cat__region_Ireland  ...  decreases_hazard
11                               cat__imd_band_50-60%  ...  decreases_hazard
12                      cat__region_South East Region  ...  decreases_hazard
13                    cat__region_East Anglian Region  ...  decreases_hazard
14  cat__highest_education_Post Graduate Qualifica...  ...  decreases_hazard

[15 rows x 13 columns]

Significant Cox effects (p < 0.05):
                             feature_name_out  ...  effect_direction
0                   num__clicks_first_4_weeks  ...  decreases_hazard
1              num__mean_clicks_first_4_weeks  ...  increases_hazard
2      cat__highest_education_No Formal quals  ...  increases_hazard
3                          cat__imd_band_None  ...  decreases_hazard
4   cat__highest_education_Lower Than A Level  ...  increases_hazard
5                        cat__region_Scotland  ...  decreases_hazard
6                   num__active_weeks_first_4  ...  decreases_hazard
7                           cat__region_Wales  ...  decreases_hazard
8                       cat__imd_band_90-100%  ...  decreases_hazard
9                        num__studied_credits  ...  increases_hazard
10                       cat__imd_band_70-80%  ...  decreases_hazard
11                       cat__imd_band_20-30%  ...  increases_hazard

[12 rows x 13 columns]

Cox feature-block summary:
           feature_block  n_features  ...  mean_coefficient  mean_hazard_ratio
0  early_window_behavior           3  ...         -0.126576           1.145629
1      static_structural          38  ...         -0.004538           1.004878

[2 rows x 7 columns]

Saved:
- /Users/rafars/dropout_benchmark_desenv/outputs_benchmark_survival/tables/table_cox_explainability_feature_coefficients.csv
- /Users/rafars/dropout_benchmark_desenv/outputs_benchmark_survival/tables/table_cox_explainability_signed_effects.csv
- /Users/rafars/dropout_benchmark_desenv/outputs_benchmark_survival/tables/table_cox_explainability_block_summary.csv
- /Users/rafars/dropout_benchmark_desenv/outputs_benchmark_survival/tables/table_cox_explainability_top_positive.csv
- /Users/rafars/dropout_benchmark_desenv/outputs_benchmark_survival/tables/table_cox_explainability_top_negative.csv
- /Users/rafars/dropout_benchmark_desenv/outputs_benchmark_survival/tables/table_cox_explainability_significant_effects.csv
- /Users/rafars/dropout_benchmark_desenv/outputs_benchmark_survival/metadata/cox_explainability_summary.json
[END] G4.4 - 2026-06-19 23:24:36
[START] G5 - 2026-06-19 23:24:36

======================================================================
G5 — Explainability for DeepSurv Tuned
======================================================================
Methodological note: this step computes global explainability
for the tuned DeepSurv model using GROUPED permutation
importance at the original-feature level.
[END] G5 - 2026-06-19 23:24:36
[START] G5.1 - 2026-06-19 23:24:36
[END] G5.1 - 2026-06-19 23:24:36
[START] G5.2 - 2026-06-19 23:24:36
[END] G5.2 - 2026-06-19 23:24:42
[START] G5.3 - 2026-06-19 23:24:42
[END] G5.3 - 2026-06-19 23:24:42
[START] G5.4 - 2026-06-19 23:24:42
[END] G5.4 - 2026-06-19 23:24:42
[START] G5.5 - 2026-06-19 23:24:42
[END] G5.5 - 2026-06-19 23:24:42
[START] G5.6 - 2026-06-19 23:24:42
[END] G5.6 - 2026-06-19 23:24:42
[START] G5.7 - 2026-06-19 23:24:42
[END] G5.7 - 2026-06-19 23:24:42
[START] G5.8 - 2026-06-19 23:24:42
G5: materialized DuckDB table -> table_deepsurv_explainability_grouped_permutation_importance
G5: materialized DuckDB table -> table_deepsurv_explainability_grouped_block_summary
G5: materialized DuckDB table -> table_deepsurv_explainability_grouped_top_features

Top DeepSurv features by GROUPED permutation importance:
        feature_name_original  ...          feature_block
0        active_weeks_first_4  ...  early_window_behavior
1        clicks_first_4_weeks  ...  early_window_behavior
2   mean_clicks_first_4_weeks  ...  early_window_behavior
3             studied_credits  ...      static_structural
4                      region  ...      static_structural
5                      gender  ...      static_structural
6           highest_education  ...      static_structural
7        num_of_prev_attempts  ...      static_structural
8                  disability  ...      static_structural
9                    age_band  ...      static_structural
10                   imd_band  ...      static_structural

[11 rows x 19 columns]

DeepSurv grouped feature-block summary:
           feature_block  ...  mean_importance_score_auc
0  early_window_behavior  ...                   0.052287
1      static_structural  ...                   0.012307

[2 rows x 6 columns]

Saved:
- /Users/rafars/dropout_benchmark_desenv/outputs_benchmark_survival/tables/table_deepsurv_explainability_grouped_permutation_importance.csv
- /Users/rafars/dropout_benchmark_desenv/outputs_benchmark_survival/tables/table_deepsurv_explainability_grouped_block_summary.csv
- /Users/rafars/dropout_benchmark_desenv/outputs_benchmark_survival/tables/table_deepsurv_explainability_grouped_top_features.csv
- /Users/rafars/dropout_benchmark_desenv/outputs_benchmark_survival/metadata/deepsurv_explainability_grouped_summary.json
[END] G5.8 - 2026-06-19 23:24:44
[START] G5.9 - 2026-06-19 23:24:44

======================================================================
G5.9 — Explainability for Poisson PPE
======================================================================
G5.9: materialized DuckDB table -> table_poisson_explainability_feature_coefficients
G5.9: materialized DuckDB table -> table_poisson_explainability_block_summary
G5.9 done: table_poisson_explainability_feature_coefficients.csv table_poisson_explainability_block_summary.csv
[END] G5.9 - 2026-06-19 23:24:44
[START] G5.10 - 2026-06-19 23:24:44

======================================================================
G5.10 — Explainability for GB Weekly Hazard
======================================================================
GB baseline AUC: 0.5731
G5.10: materialized DuckDB table -> table_gb_explainability_feature_importances
G5.10: materialized DuckDB table -> table_gb_explainability_block_summary
G5.10 done: table_gb_explainability_feature_importances.csv table_gb_explainability_block_summary.csv
[END] G5.10 - 2026-06-19 23:25:11
[START] G5.11 - 2026-06-19 23:25:11

======================================================================
G5.11 — Explainability for RSF
======================================================================
G5.11: materialized DuckDB table -> table_rsf_explainability_grouped_permutation_importance
G5.11: materialized DuckDB table -> table_rsf_explainability_grouped_block_summary
G5.11 done: table_rsf_explainability_grouped_permutation_importance.csv table_rsf_explainability_grouped_block_summary.csv
[END] G5.11 - 2026-06-19 23:25:18
[START] G5.12 - 2026-06-19 23:25:18

======================================================================
G5.12 — Explainability for MTLR
======================================================================
G5.12: materialized DuckDB table -> table_mtlr_explainability_grouped_permutation_importance
G5.12: materialized DuckDB table -> table_mtlr_explainability_grouped_block_summary
G5.12 done: table_mtlr_explainability_grouped_permutation_importance.csv table_mtlr_explainability_grouped_block_summary.csv
[END] G5.12 - 2026-06-19 23:25:19
[START] G6 - 2026-06-19 23:25:19

======================================================================
G6 — Consolidate Explainability Across All Tuned Families
======================================================================
Methodological note: this step consolidates explainability outputs only.
No model is trained and no new explanation is computed here.
G6: materialized DuckDB table -> table_explainability_all_features_normalized
G6: materialized DuckDB table -> table_explainability_all_blocks_normalized
G6: materialized DuckDB table -> table_explainability_top_drivers_by_model
G6: materialized DuckDB table -> table_explainability_block_rank_within_model
G6: materialized DuckDB table -> table_explainability_block_comparison_wide
G6: materialized DuckDB table -> table_explainability_dominant_block_by_model
G6: materialized DuckDB table -> table_explainability_recurring_top_drivers
G6: materialized DuckDB table -> table_explainability_summary_by_model
G6: materialized DuckDB table -> table_appendix_explainability_block_taxonomy

Explainability summary by model:
             model_id  ... dominant_feature_block_role
0           cox_tuned  ...           behavioral_signal
1      deepsurv_tuned  ...           behavioral_signal
2     gb_weekly_tuned  ...          temporal_covariate
3        linear_tuned  ...   dynamic_behavioral_signal
4          mtlr_tuned  ...           behavioral_signal
5        neural_tuned  ...          temporal_covariate
6  poisson_pexp_tuned  ...   dynamic_behavioral_signal
7           rsf_tuned  ...           behavioral_signal

[8 rows x 7 columns]

Dominant feature block by model:
             model_id  ...                      dominant_feature_block_reason
0           cox_tuned  ...  Captures compressed early-course engagement pa...
1      deepsurv_tuned  ...  Captures compressed early-course engagement pa...
2     gb_weekly_tuned  ...  Week index encodes hazard shape; important for...
3        linear_tuned  ...  Captures rich week-by-week engagement; primary...
4          mtlr_tuned  ...  Captures compressed early-course engagement pa...
5        neural_tuned  ...  Week index encodes hazard shape; important for...
6  poisson_pexp_tuned  ...  Captures rich week-by-week engagement; primary...
7           rsf_tuned  ...  Captures compressed early-course engagement pa...

[8 rows x 9 columns]

Explainability block taxonomy:
                      block_id  ...                                  manuscript_reason
0            static_structural  ...  Captures background and enrollment structure t...
1        early_window_behavior  ...  Captures compressed early-course engagement pa...
2  dynamic_temporal_behavioral  ...  Captures rich week-by-week engagement; primary...
3          discrete_time_index  ...  Week index encodes hazard shape; important for...

[4 rows x 5 columns]

Top drivers by model:
              model_id  ... driver_rank_within_model
0            cox_tuned  ...                        1
1            cox_tuned  ...                        2
2            cox_tuned  ...                        3
3            cox_tuned  ...                        4
4            cox_tuned  ...                        5
5       deepsurv_tuned  ...                        1
6       deepsurv_tuned  ...                        2
7       deepsurv_tuned  ...                        3
8       deepsurv_tuned  ...                        4
9       deepsurv_tuned  ...                        5
10     gb_weekly_tuned  ...                        1
11     gb_weekly_tuned  ...                        2
12     gb_weekly_tuned  ...                        3
13     gb_weekly_tuned  ...                        4
14     gb_weekly_tuned  ...                        5
15        linear_tuned  ...                        1
16        linear_tuned  ...                        2
17        linear_tuned  ...                        3
18        linear_tuned  ...                        4
19        linear_tuned  ...                        5
20          mtlr_tuned  ...                        1
21          mtlr_tuned  ...                        2
22          mtlr_tuned  ...                        3
23          mtlr_tuned  ...                        4
24          mtlr_tuned  ...                        5
25        neural_tuned  ...                        1
26        neural_tuned  ...                        2
27        neural_tuned  ...                        3
28        neural_tuned  ...                        4
29        neural_tuned  ...                        5
30  poisson_pexp_tuned  ...                        1
31  poisson_pexp_tuned  ...                        2
32  poisson_pexp_tuned  ...                        3
33  poisson_pexp_tuned  ...                        4
34  poisson_pexp_tuned  ...                        5
35           rsf_tuned  ...                        1
36           rsf_tuned  ...                        2
37           rsf_tuned  ...                        3
38           rsf_tuned  ...                        4
39           rsf_tuned  ...                        5

[40 rows x 11 columns]

Recurring top drivers across families:
                  feature_name  ...                                             models
0              studied_credits  ...  deepsurv_tuned, gb_weekly_tuned, mtlr_tuned, r...
1         active_weeks_first_4  ...              deepsurv_tuned, mtlr_tuned, rsf_tuned
2         clicks_first_4_weeks  ...              deepsurv_tuned, mtlr_tuned, rsf_tuned
3    mean_clicks_first_4_weeks  ...              deepsurv_tuned, mtlr_tuned, rsf_tuned
4           cat__imd_band_None  ...                      cox_tuned, poisson_pexp_tuned
5           cum_clicks_until_t  ...                      gb_weekly_tuned, neural_tuned
6                       gender  ...                              mtlr_tuned, rsf_tuned
7   num__n_distinct_sites_week  ...                   linear_tuned, poisson_pexp_tuned
8         num__n_vle_rows_week  ...                   linear_tuned, poisson_pexp_tuned
9         num__studied_credits  ...                   linear_tuned, poisson_pexp_tuned
10      num__total_clicks_week  ...                   linear_tuned, poisson_pexp_tuned
11                     recency  ...                      gb_weekly_tuned, neural_tuned
12                      streak  ...                      gb_weekly_tuned, neural_tuned
13                        week  ...                      gb_weekly_tuned, neural_tuned

[14 rows x 3 columns]

Feature-block comparison (wide):
feature_block            model_id  ...  static_structural
0                       cox_tuned  ...           0.089196
1                  deepsurv_tuned  ...           0.001339
2                 gb_weekly_tuned  ...           0.003965
3                    linear_tuned  ...           0.756471
4                      mtlr_tuned  ...           0.001533
5                    neural_tuned  ...           0.000736
6              poisson_pexp_tuned  ...           0.363386
7                       rsf_tuned  ...           0.001370

[8 rows x 5 columns]

Saved:
- /Users/rafars/dropout_benchmark_desenv/outputs_benchmark_survival/tables/table_explainability_all_features_normalized.csv
- /Users/rafars/dropout_benchmark_desenv/outputs_benchmark_survival/tables/table_explainability_all_blocks_normalized.csv
- /Users/rafars/dropout_benchmark_desenv/outputs_benchmark_survival/tables/table_explainability_top_drivers_by_model.csv
- /Users/rafars/dropout_benchmark_desenv/outputs_benchmark_survival/tables/table_explainability_block_rank_within_model.csv
- /Users/rafars/dropout_benchmark_desenv/outputs_benchmark_survival/tables/table_explainability_block_comparison_wide.csv
- /Users/rafars/dropout_benchmark_desenv/outputs_benchmark_survival/tables/table_explainability_dominant_block_by_model.csv
- /Users/rafars/dropout_benchmark_desenv/outputs_benchmark_survival/tables/table_explainability_recurring_top_drivers.csv
- /Users/rafars/dropout_benchmark_desenv/outputs_benchmark_survival/tables/table_explainability_summary_by_model.csv
- /Users/rafars/dropout_benchmark_desenv/outputs_benchmark_survival/tables/table_appendix_explainability_block_taxonomy.csv
- /Users/rafars/dropout_benchmark_desenv/outputs_benchmark_survival/metadata/explainability_consolidated_summary.json
[END] G6 - 2026-06-19 23:25:19
G6.CONV: materialized DuckDB table -> table_explainability_convergence_paradigm
G6.CONV: materialized DuckDB table -> table_explainability_top_recurring_crossparadigm

G6.CONV — Explainability convergence: 8/8 models have temporal-dominant block
             model_id  ... convergence_verdict
0           cox_tuned  ...   TEMPORAL_DOMINANT
1      deepsurv_tuned  ...   TEMPORAL_DOMINANT
2     gb_weekly_tuned  ...   TEMPORAL_DOMINANT
3        linear_tuned  ...   TEMPORAL_DOMINANT
4          mtlr_tuned  ...   TEMPORAL_DOMINANT
5        neural_tuned  ...   TEMPORAL_DOMINANT
6  poisson_pexp_tuned  ...   TEMPORAL_DOMINANT
7           rsf_tuned  ...   TEMPORAL_DOMINANT

[8 rows x 5 columns]
[START] G6.1 - 2026-06-19 23:25:19
G6.1: materialized DuckDB table -> table_explainability_summary_by_model
G6.1: materialized DuckDB table -> table_explainability_summary_by_model
Explainability summary aliases materialized for G7:
- /Users/rafars/dropout_benchmark_desenv/outputs_benchmark_survival/tables/table_explainability_summary_by_model.csv
G6.1: materialized DuckDB table -> table_explainability_all_blocks_normalized
G6.1: materialized DuckDB table -> table_explainability_all_blocks_normalized
- /Users/rafars/dropout_benchmark_desenv/outputs_benchmark_survival/tables/table_explainability_all_blocks_normalized.csv
[END] G6.1 - 2026-06-19 23:25:19
[START] G7 - 2026-06-19 23:25:19
======================================================================
G7 — Freeze Curated Paper Artifacts
======================================================================
Methodological note: this step freezes TeX-facing assets using the manuscript as the source-of-truth contract.

[END] G7 - 2026-06-19 23:25:19
[START] G7.1 - 2026-06-19 23:25:19
[END] G7.1 - 2026-06-19 23:25:19
[START] G7.2 - 2026-06-19 23:25:19
[END] G7.2 - 2026-06-19 23:25:19
[START] G7.3 - 2026-06-19 23:25:19
[END] G7.3 - 2026-06-19 23:25:19
[START] G7.4 - 2026-06-19 23:25:19
[END] G7.4 - 2026-06-19 23:25:19
[START] G7.5 - 2026-06-19 23:25:19
[END] G7.5 - 2026-06-19 23:25:19
[START] G7.6 - 2026-06-19 23:25:19
[END] G7.6 - 2026-06-19 23:25:19
[START] G7.7 - 2026-06-19 23:25:19
[END] G7.7 - 2026-06-19 23:25:19
[START] G7.8 - 2026-06-19 23:25:19
[END] G7.8 - 2026-06-19 23:25:19
[START] G7.9 - 2026-06-19 23:25:19
[END] G7.9 - 2026-06-19 23:25:19
[START] G7.10 - 2026-06-19 23:25:19
[END] G7.10 - 2026-06-19 23:25:19
[START] G7.11 - 2026-06-19 23:25:19
[END] G7.11 - 2026-06-19 23:25:19
[START] G7.12 - 2026-06-19 23:25:19
[END] G7.12 - 2026-06-19 23:25:19
[START] G7.13 - 2026-06-19 23:25:19
[END] G7.13 - 2026-06-19 23:25:19
[START] G7.14 - 2026-06-19 23:25:19
[END] G7.14 - 2026-06-19 23:25:19
[START] G7.15 - 2026-06-19 23:25:19
[END] G7.15 - 2026-06-19 23:25:19
[START] G7.16 - 2026-06-19 23:25:19
[END] G7.16 - 2026-06-19 23:25:19
[START] G7.17 - 2026-06-19 23:25:19
[END] G7.17 - 2026-06-19 23:25:19
[START] G7.18 - 2026-06-19 23:25:19
[END] G7.18 - 2026-06-19 23:25:19
[START] G7.19 - 2026-06-19 23:25:19
[END] G7.19 - 2026-06-19 23:25:19
[START] G7.20 - 2026-06-19 23:25:19
[END] G7.20 - 2026-06-19 23:25:19
[START] G7.21 - 2026-06-19 23:25:19
[END] G7.21 - 2026-06-19 23:25:19
[START] G7.22 - 2026-06-19 23:25:19
[END] G7.22 - 2026-06-19 23:25:19
[START] G7.23 - 2026-06-19 23:25:19
[END] G7.23 - 2026-06-19 23:25:19
[START] G7.24 - 2026-06-19 23:25:19
G6: materialized DuckDB table -> table_paper_main_benchmark_family_expanded
G6: materialized DuckDB table -> table_figure1_benchmark_family_expanded_summary
[END] G7.24 - 2026-06-19 23:25:20
[START] G7.25 - 2026-06-19 23:25:20
[END] G7.25 - 2026-06-19 23:25:20
[START] G7.26 - 2026-06-19 23:25:20
G6: materialized DuckDB table -> table_paper_ablation_summary
G6: materialized DuckDB table -> table_figure2_ablation_delta_summary
[END] G7.26 - 2026-06-19 23:25:20
[START] G7.26b - 2026-06-19 23:25:20
  [FREEZE] table_ablation_convergence_paradigm.csv → table_paper_ablation_convergence_paradigm.csv
  [FREEZE] table_explainability_convergence_paradigm.csv → table_paper_explainability_convergence_paradigm.csv
  [FREEZE] table_explainability_top_recurring_crossparadigm.csv → table_paper_explainability_top_recurring_crossparadigm.csv
[END] G7.26b - 2026-06-19 23:25:20
[START] G7.27 - 2026-06-19 23:25:20
[END] G7.27 - 2026-06-19 23:25:20
[START] G7.28 - 2026-06-19 23:25:20
G6: materialized DuckDB table -> table_paper_explainability_summary
G6: materialized DuckDB table -> table_figure3_explainability_block_summary_normalized
[END] G7.28 - 2026-06-19 23:25:21
[START] G7.29 - 2026-06-19 23:25:21
[END] G7.29 - 2026-06-19 23:25:21
[START] G7.30 - 2026-06-19 23:25:21
G6: materialized DuckDB table -> table_paper_calibration_summary_tuned_models
G6: materialized DuckDB table -> table_paper_appendix_evaluation_protocol_audit
G6: materialized DuckDB table -> table_paper_appendix_preprocessing_and_tuning_audit
G6: materialized DuckDB table -> table_appendix_bootstrap_uncertainty_compact
G6: materialized DuckDB table -> table_paper_appendix_split_context_audit
G6: materialized DuckDB table -> table_paper_appendix_cox_ph_global_summary
G6: materialized DuckDB table -> table_paper_appendix_cox_ph_audit
G6: materialized DuckDB table -> table_paper_appendix_window_sensitivity
[END] G7.30 - 2026-06-19 23:25:21
[START] G7.31 - 2026-06-19 23:25:21
[END] G7.31 - 2026-06-19 23:25:21
[START] G7.32 - 2026-06-19 23:25:21
G6: materialized DuckDB table -> paper_tex_asset_registry
G6: materialized DuckDB table -> paper_tex_supporting_asset_registry
G6: materialized DuckDB table -> paper_curated_asset_manifest
Curated TeX output directories:
- /Users/rafars/dropout_benchmark_desenv/outputs_benchmark_survival/paper_main
- /Users/rafars/dropout_benchmark_desenv/outputs_benchmark_survival/paper_appendix

Direct TeX-linked assets:
                             tex_label  ...                                              notes
0      fig:appendix_cox_ph_diagnostics  ...  Generated under the manuscript contract; falls...
1   tab:appendix_bootstrap_uncertainty  ...  Appendix bootstrap uncertainty table exported ...
2          tab:appendix_cox_ph_summary  ...  Appendix Cox PH global summary exported under ...
3    tab:appendix_preproc_tuning_audit  ...  Fallback reconstructed from the inline TeX app...
4          tab:appendix_protocol_audit  ...  Appendix protocol audit exported under the man...
5     tab:appendix_split_context_audit  ...  Fallback reconstructed from the inline TeX app...
6      tab:appendix_window_sensitivity  ...  Comparable-arm window sensitivity (IBS and TD ...
7                  fig:ablation_impact  ...  Generated from the ablation table frozen for t...
8       fig:benchmark_tuned_comparison  ...  Generated from the benchmark table frozen for ...
9   fig:explainability_block_dominance  ...  Generated from normalized explainability block...
10                tab:ablation_summary  ...  Curated ablation table exported under the manu...
11             tab:calibration_summary  ...  Curated calibration table exported under the m...
12          tab:explainability_summary  ...  Curated explainability table exported under th...
13                  tab:main_benchmark  ...  Curated expanded benchmark table exported unde...

[14 rows x 9 columns]

Supporting assets for TeX figures/tables:
                    related_tex_label  ...                                              notes
0     fig:appendix_cox_ph_diagnostics  ...  Supporting PH audit table exported under the m...
1                 fig:ablation_impact  ...      Support table for the ablation impact figure.
2      fig:benchmark_tuned_comparison  ...  Support table for the expanded benchmark compa...
3  fig:explainability_block_dominance  ...  Support table derived from normalized explaina...

[4 rows x 8 columns]

All TeX-linked assets were materialized.

Saved metadata files:
- /Users/rafars/dropout_benchmark_desenv/outputs_benchmark_survival/metadata/paper_tex_asset_registry.csv
- /Users/rafars/dropout_benchmark_desenv/outputs_benchmark_survival/metadata/paper_tex_supporting_asset_registry.csv
- /Users/rafars/dropout_benchmark_desenv/outputs_benchmark_survival/metadata/paper_curated_asset_manifest.csv
- /Users/rafars/dropout_benchmark_desenv/outputs_benchmark_survival/metadata/paper_freeze_summary.json
[END] G7.32 - 2026-06-19 23:25:21
[START] G8 - 2026-06-19 23:25:21

======================================================================
G8 — Display Curated Paper Figures
======================================================================
Methodological note: this step displays curated TeX-facing figures only.
## fig:appendix_cox_ph_diagnostics
fig:appendix_cox_ph_diagnostics
Image(filename='/Users/rafars/dropout_benchmark_desenv/outputs_benchmark_survival/paper_appendix/fig_appendix_cox_ph_diagnostics.png')
- /Users/rafars/dropout_benchmark_desenv/outputs_benchmark_survival/paper_appendix/fig_appendix_cox_ph_diagnostics.png
## fig:ablation_impact
fig:ablation_impact
Image(filename='/Users/rafars/dropout_benchmark_desenv/outputs_benchmark_survival/paper_main/fig_paper_02_ablation_impact.png')
- /Users/rafars/dropout_benchmark_desenv/outputs_benchmark_survival/paper_main/fig_paper_02_ablation_impact.png
## fig:benchmark_tuned_comparison
fig:benchmark_tuned_comparison
Image(filename='/Users/rafars/dropout_benchmark_desenv/outputs_benchmark_survival/paper_main/fig_benchmark_tuned_comparison.png')
- /Users/rafars/dropout_benchmark_desenv/outputs_benchmark_survival/paper_main/fig_benchmark_tuned_comparison.png
## fig:explainability_block_dominance
fig:explainability_block_dominance
Image(filename='/Users/rafars/dropout_benchmark_desenv/outputs_benchmark_survival/paper_main/fig_paper_03_explainability_block_dominance_normalized.png')
- /Users/rafars/dropout_benchmark_desenv/outputs_benchmark_survival/paper_main/fig_paper_03_explainability_block_dominance_normalized.png
[END] G8 - 2026-06-19 23:25:21
[START] G9 - 2026-06-19 23:25:21

======================================================================
G9 — Preview Curated Paper Evidence
======================================================================
Methodological note: this step reads curated paper artifacts only.

Direct TeX-linked assets:
                             tex_label  ...                                              notes
0      fig:appendix_cox_ph_diagnostics  ...  Generated under the manuscript contract; falls...
1   tab:appendix_bootstrap_uncertainty  ...  Appendix bootstrap uncertainty table exported ...
2          tab:appendix_cox_ph_summary  ...  Appendix Cox PH global summary exported under ...
3    tab:appendix_preproc_tuning_audit  ...  Fallback reconstructed from the inline TeX app...
4          tab:appendix_protocol_audit  ...  Appendix protocol audit exported under the man...
5     tab:appendix_split_context_audit  ...  Fallback reconstructed from the inline TeX app...
6      tab:appendix_window_sensitivity  ...  Comparable-arm window sensitivity (IBS and TD ...
7                  fig:ablation_impact  ...  Generated from the ablation table frozen for t...
8       fig:benchmark_tuned_comparison  ...  Generated from the benchmark table frozen for ...
9   fig:explainability_block_dominance  ...  Generated from normalized explainability block...
10                tab:ablation_summary  ...  Curated ablation table exported under the manu...
11             tab:calibration_summary  ...  Curated calibration table exported under the m...
12          tab:explainability_summary  ...  Curated explainability table exported under th...
13                  tab:main_benchmark  ...  Curated expanded benchmark table exported unde...

[14 rows x 9 columns]

Supporting assets for TeX figures/tables:
                    related_tex_label  ...                                              notes
0     fig:appendix_cox_ph_diagnostics  ...  Supporting PH audit table exported under the m...
1                 fig:ablation_impact  ...      Support table for the ablation impact figure.
2      fig:benchmark_tuned_comparison  ...  Support table for the expanded benchmark compa...
3  fig:explainability_block_dominance  ...  Support table derived from normalized explaina...

[4 rows x 8 columns]

Preview of exported main-paper tables:
- tab:ablation_summary -> table_paper_ablation_summary.csv (8 rows)
                                   Model  ... IBS ratio
0                 Cox Comparable (Tuned)  ...  2.458449
1                       DeepSurv (Tuned)  ...  1.857441
2               GB Weekly Hazard (Tuned)  ...  0.889568
3    Linear Discrete-Time Hazard (Tuned)  ...  2.216212
4                    Neural-MTLR (Tuned)  ...  1.904372
5  Neural Discrete-Time Survival (Tuned)  ...  0.432702
6  Poisson Piecewise-Exponential (Tuned)  ...  0.944521
7         Random Survival Forest (Tuned)  ...  1.200969

[8 rows x 7 columns]
- tab:calibration_summary -> table_paper_calibration_summary_tuned_models.csv (14 rows)
                            Model  ...  Calib@30
0     Linear Discrete-Time Hazard  ...  0.142690
1   Poisson Piecewise-Exponential  ...  0.122784
2          CatBoost Weekly Hazard  ...  0.147455
3                  Cox Comparable  ...  0.010563
4                        DeepSurv  ...  0.011897
5          Random Survival Forest  ...  0.013779
6            Gradient-Boosted Cox  ...  0.016041
7                     Weibull AFT  ...  0.012345
8                  Royston-Parmar  ...  0.021206
9                     XGBoost AFT  ...  0.217646
10                    Neural-MTLR  ...  0.052097
11                        DeepHit  ...  0.026992
12    GB Weekly Hazard Unweighted  ...  0.143773
13    Neural Discrete-Time Hazard  ...  0.149048

[14 rows x 5 columns]
- tab:explainability_summary -> table_paper_explainability_summary.csv (7 rows)
                           Model  ...               Dominant block
0    Linear Discrete-Time Hazard  ...  dynamic_temporal_behavioral
1  Neural Discrete-Time Survival  ...          discrete_time_index
2  Poisson Piecewise-Exponential  ...  dynamic_temporal_behavioral
3                 Cox Comparable  ...        early_window_behavior
4                       DeepSurv  ...        early_window_behavior
5         Random Survival Forest  ...        early_window_behavior
6                    Neural-MTLR  ...        early_window_behavior

[7 rows x 4 columns]
- tab:main_benchmark -> table_paper_main_benchmark_family_expanded.csv (14 rows)
                             Model  ... Brier@30
0      Linear Discrete-Time Hazard  ...      NaN
1    Neural Discrete-Time Survival  ...      NaN
2    Poisson Piecewise-Exponential  ...      NaN
3   Gradient-Boosted Weekly Hazard  ...      NaN
4           CatBoost Weekly Hazard  ...      NaN
5                   Cox Comparable  ...      NaN
6                         DeepSurv  ...      NaN
7           Random Survival Forest  ...      NaN
8             Gradient-Boosted Cox  ...      NaN
9                      Weibull AFT  ...      NaN
10                  Royston-Parmar  ...      NaN
11                     XGBoost AFT  ...      NaN
12                     Neural-MTLR  ...      NaN
13                         DeepHit  ...      NaN

[14 rows x 7 columns]

Preview of exported appendix tables:
- tab:appendix_bootstrap_uncertainty -> table_appendix_bootstrap_uncertainty_compact.csv (20 rows)
                             model  ... n_successful_bootstrap
0           Cox Comparable (Tuned)  ...                    200
1           Cox Comparable (Tuned)  ...                    200
2           Cox Comparable (Tuned)  ...                    200
3           Cox Comparable (Tuned)  ...                    200
4           Cox Comparable (Tuned)  ...                    200
5                 DeepSurv (Tuned)  ...                    200
6                 DeepSurv (Tuned)  ...                    200
7                 DeepSurv (Tuned)  ...                    200
8                 DeepSurv (Tuned)  ...                    200
9                 DeepSurv (Tuned)  ...                    200
10  Random Survival Forest (Tuned)  ...                    200
11  Random Survival Forest (Tuned)  ...                    200
12  Random Survival Forest (Tuned)  ...                    200
13  Random Survival Forest (Tuned)  ...                    200
14  Random Survival Forest (Tuned)  ...                    200
15             Neural-MTLR (Tuned)  ...                    200
16             Neural-MTLR (Tuned)  ...                    200
17             Neural-MTLR (Tuned)  ...                    200
18             Neural-MTLR (Tuned)  ...                    200
19             Neural-MTLR (Tuned)  ...                    200

[20 rows x 5 columns]
- tab:appendix_cox_ph_summary -> table_paper_appendix_cox_ph_global_summary.csv (1 rows)
                    model  ...                                         audit_note
0  Cox Comparable (Tuned)  ...  Formal proportional-hazards audit for the comp...

[1 rows x 12 columns]
- tab:appendix_preproc_tuning_audit -> table_paper_appendix_preprocessing_and_tuning_audit.csv (4 rows)
         model_id  ...                                 complexity_control
0       cox_tuned  ...                                                NaN
1  deepsurv_tuned  ...  network architecture grid + dropout + weight d...
2       rsf_tuned  ...  forest size + leaf size + depth + feature subs...
3      mtlr_tuned  ...  discretization grid + network architecture + d...

[4 rows x 25 columns]
- tab:appendix_protocol_audit -> table_paper_appendix_evaluation_protocol_audit.csv (9 rows)
                         Component  ...                                            Details
0                  Evaluation unit  ...  All final benchmark comparisons are performed ...
1                  Shared horizons  ...  Common benchmark horizons used for Brier and c...
2            Brier / IBS censoring  ...  Brier score and IBS are computed with inverse-...
3              Primary concordance  ...  The benchmark co-primary discrimination metric...
4    Discrete-time prediction rule  ...  For prediction at week t, the discrete-time fa...
5  Continuous-time prediction rule  ...  The continuous-time comparable families genera...
6          Identity leakage result  ...  No enrollment identity leakage was detected be...
7           Contextual split scope  ...  All modules, presentations, and module-present...
8               Calibration metric  ...  At each horizon, predicted event risk is group...

[9 rows x 3 columns]
- tab:appendix_split_context_audit -> table_paper_appendix_split_context_audit.csv (1 rows)
   Split unit  ... Shared module-presentations
0  enrollment  ...                       22/22

[1 rows x 11 columns]
- tab:appendix_window_sensitivity -> table_paper_appendix_window_sensitivity.csv (45 rows)
              display_name  ... is_canonical_window
0           Cox Comparable  ...               False
1           Cox Comparable  ...                True
2           Cox Comparable  ...               False
3           Cox Comparable  ...               False
4           Cox Comparable  ...               False
5                  DeepHit  ...               False
6                  DeepHit  ...                True
7                  DeepHit  ...               False
8                  DeepHit  ...               False
9                  DeepHit  ...               False
10                DeepSurv  ...               False
11                DeepSurv  ...                True
12                DeepSurv  ...               False
13                DeepSurv  ...               False
14                DeepSurv  ...               False
15    Gradient-Boosted Cox  ...               False
16    Gradient-Boosted Cox  ...                True
17    Gradient-Boosted Cox  ...               False
18    Gradient-Boosted Cox  ...               False
19    Gradient-Boosted Cox  ...               False
20             Neural-MTLR  ...               False
21             Neural-MTLR  ...                True
22             Neural-MTLR  ...               False
23             Neural-MTLR  ...               False
24             Neural-MTLR  ...               False
25  Random Survival Forest  ...               False
26  Random Survival Forest  ...                True
27  Random Survival Forest  ...               False
28  Random Survival Forest  ...               False
29  Random Survival Forest  ...               False
30          Royston-Parmar  ...               False
31          Royston-Parmar  ...                True
32          Royston-Parmar  ...               False
33          Royston-Parmar  ...               False
34          Royston-Parmar  ...               False
35             Weibull AFT  ...               False
36             Weibull AFT  ...                True
37             Weibull AFT  ...               False
38             Weibull AFT  ...               False
39             Weibull AFT  ...               False
40             XGBoost AFT  ...               False
41             XGBoost AFT  ...                True
42             XGBoost AFT  ...               False
43             XGBoost AFT  ...               False
44             XGBoost AFT  ...               False

[45 rows x 7 columns]

Assets still missing from the dedicated TeX export layer:
- None. All TeX-linked assets are materialized.

Exclusive TeX output directories:
- /Users/rafars/dropout_benchmark_desenv/outputs_benchmark_survival/paper_main
- /Users/rafars/dropout_benchmark_desenv/outputs_benchmark_survival/paper_appendix
[END] G9 - 2026-06-19 23:25:21
[START] G9.5 - 2026-06-19 23:25:21
[G9.5] Reliability diagram (comparable arm) -> fig_appendix_reliability_comparable_arm.png
[G9.5] Reliability diagram (dynamic arm)     -> fig_appendix_reliability_dynamic_arm.png
[END] G9.5 - 2026-06-19 23:25:24
DuckDB connection closed.
[END] G10 - 2026-06-19 23:25:25
[START] G8.0 - 2026-06-19 23:25:25

Expanded benchmark table frozen for the manuscript:
                             Model  ... Brier@30
0      Linear Discrete-Time Hazard  ...      NaN
1    Neural Discrete-Time Survival  ...      NaN
2    Poisson Piecewise-Exponential  ...      NaN
3   Gradient-Boosted Weekly Hazard  ...      NaN
4           CatBoost Weekly Hazard  ...      NaN
5                   Cox Comparable  ...      NaN
6                         DeepSurv  ...      NaN
7           Random Survival Forest  ...      NaN
8             Gradient-Boosted Cox  ...      NaN
9                      Weibull AFT  ...      NaN
10                  Royston-Parmar  ...      NaN
11                     XGBoost AFT  ...      NaN
12                     Neural-MTLR  ...      NaN
13                         DeepHit  ...      NaN

[14 rows x 7 columns]

Benchmark support table used by Figure 1:
                             Model  ... TD Concordance
0      Linear Discrete-Time Hazard  ...            NaN
1    Neural Discrete-Time Survival  ...            NaN
2    Poisson Piecewise-Exponential  ...            NaN
3   Gradient-Boosted Weekly Hazard  ...            NaN
4           CatBoost Weekly Hazard  ...            NaN
5                   Cox Comparable  ...            NaN
6                         DeepSurv  ...            NaN
7           Random Survival Forest  ...            NaN
8             Gradient-Boosted Cox  ...            NaN
9                      Weibull AFT  ...            NaN
10                  Royston-Parmar  ...            NaN
11                     XGBoost AFT  ...            NaN
12                     Neural-MTLR  ...            NaN
13                         DeepHit  ...            NaN

[14 rows x 4 columns]

Ablation summary frozen for the manuscript:
                                   Model  ... IBS ratio
0                 Cox Comparable (Tuned)  ...  2.458449
1                       DeepSurv (Tuned)  ...  1.857441
2               GB Weekly Hazard (Tuned)  ...  0.889568
3    Linear Discrete-Time Hazard (Tuned)  ...  2.216212
4                    Neural-MTLR (Tuned)  ...  1.904372
5  Neural Discrete-Time Survival (Tuned)  ...  0.432702
6  Poisson Piecewise-Exponential (Tuned)  ...  0.944521
7         Random Survival Forest (Tuned)  ...  1.200969

[8 rows x 7 columns]

Ablation support table used by Figure 2:
                                   Model  ... IBS ratio
0                 Cox Comparable (Tuned)  ...  2.458449
1                       DeepSurv (Tuned)  ...  1.857441
2               GB Weekly Hazard (Tuned)  ...  0.889568
3    Linear Discrete-Time Hazard (Tuned)  ...  2.216212
4                    Neural-MTLR (Tuned)  ...  1.904372
5  Neural Discrete-Time Survival (Tuned)  ...  0.432702
6  Poisson Piecewise-Exponential (Tuned)  ...  0.944521
7         Random Survival Forest (Tuned)  ...  1.200969

[8 rows x 7 columns]

Evidence summary:
- IBS leader: Linear Discrete-Time Hazard (nan); runner-up: Neural Discrete-Time Survival (nan).
- Best TD Concordance: Linear Discrete-Time Hazard (nan).
- Linear vs Neural TD Concordance: nan vs nan.
- Temporal-vs-static IBS ratios: min=0.433, max=2.458.
[END] G8.0 - 2026-06-19 23:25:25
[START] G7.24 - 2026-06-19 23:25:25
G6: materialized DuckDB table -> table_paper_main_benchmark_family_expanded
G6: materialized DuckDB table -> table_figure1_benchmark_family_expanded_summary
G7.24: materialized DuckDB table -> table_paper_appendix_benchmark_family_membership_audit
Exported benchmark family membership audit:
- /Users/rafars/dropout_benchmark_desenv/outputs_benchmark_survival/paper_appendix/table_paper_appendix_benchmark_family_membership_audit.csv
[END] G7.24 - 2026-06-19 23:25:26
[START] G7.26 - 2026-06-19 23:25:26
G6: materialized DuckDB table -> table_paper_ablation_summary
G6: materialized DuckDB table -> table_figure2_ablation_delta_summary
[END] G7.26 - 2026-06-19 23:25:26
[START] G8.0 - 2026-06-19 23:25:26

Expanded benchmark leaderboard frozen for the manuscript:
                             Model  ...  Brier@30
0      Linear Discrete-Time Hazard  ...  0.197142
1    Neural Discrete-Time Survival  ...  0.198989
2    Poisson Piecewise-Exponential  ...  0.193142
3   Gradient-Boosted Weekly Hazard  ...  0.198053
4           CatBoost Weekly Hazard  ...  0.197988
5                   Cox Comparable  ...  0.162328
6                         DeepSurv  ...  0.158921
7           Random Survival Forest  ...  0.157386
8             Gradient-Boosted Cox  ...  0.158906
9                      Weibull AFT  ...  0.162387
10                  Royston-Parmar  ...  0.163930
11                     XGBoost AFT  ...  0.217430
12                     Neural-MTLR  ...  0.158837
13                         DeepHit  ...  0.161404

[14 rows x 7 columns]

Expanded benchmark support table used by Figure 1:
                             Model  ... TD Concordance
0      Linear Discrete-Time Hazard  ...       0.501283
1    Neural Discrete-Time Survival  ...       0.499218
2    Poisson Piecewise-Exponential  ...       0.501919
3   Gradient-Boosted Weekly Hazard  ...       0.501815
4           CatBoost Weekly Hazard  ...       0.501060
5                   Cox Comparable  ...       0.651160
6                         DeepSurv  ...       0.661949
7           Random Survival Forest  ...       0.673506
8             Gradient-Boosted Cox  ...       0.662124
9                      Weibull AFT  ...       0.613120
10                  Royston-Parmar  ...       0.643003
11                     XGBoost AFT  ...       0.577164
12                     Neural-MTLR  ...       0.656942
13                         DeepHit  ...       0.583493

[14 rows x 4 columns]

Benchmark family membership audit:
   stage_id  ...  execution_status
0      D5.1  ...         available
1      D5.2  ...         available
2      D5.3  ...         available
3      D5.4  ...         available
4      D5.5  ...         available
5      D5.6  ...         available
6      D5.7  ...         available
7      D5.8  ...         available
8      D5.9  ...         available
9     D5.10  ...         available
10    D5.11  ...         available
11    D5.12  ...         available
12    D5.13  ...         available
13    D5.14  ...         available
14    D5.15  ...         available

[15 rows x 11 columns]

Ablation summary frozen for the manuscript:
                                   Model  ... IBS ratio
0                 Cox Comparable (Tuned)  ...  2.458449
1                       DeepSurv (Tuned)  ...  1.857441
2               GB Weekly Hazard (Tuned)  ...  0.889568
3    Linear Discrete-Time Hazard (Tuned)  ...  2.216212
4                    Neural-MTLR (Tuned)  ...  1.904372
5  Neural Discrete-Time Survival (Tuned)  ...  0.432702
6  Poisson Piecewise-Exponential (Tuned)  ...  0.944521
7         Random Survival Forest (Tuned)  ...  1.200969

[8 rows x 7 columns]

Ablation support table used by Figure 2:
                                   Model  ... IBS ratio
0                 Cox Comparable (Tuned)  ...  2.458449
1                       DeepSurv (Tuned)  ...  1.857441
2               GB Weekly Hazard (Tuned)  ...  0.889568
3    Linear Discrete-Time Hazard (Tuned)  ...  2.216212
4                    Neural-MTLR (Tuned)  ...  1.904372
5  Neural Discrete-Time Survival (Tuned)  ...  0.432702
6  Poisson Piecewise-Exponential (Tuned)  ...  0.944521
7         Random Survival Forest (Tuned)  ...  1.200969

[8 rows x 7 columns]

Evidence summary:
- IBS leader: Random Survival Forest (0.1118); runner-up: Neural-MTLR (0.1131).
- Best TD Concordance: Random Survival Forest (0.6735).
- Models frozen by family: {'continuous_time_comparable': 9, 'discrete_time_dynamic': 5}.
- Temporal-vs-static IBS ratios: min=0.433, max=2.458.
[END] G8.0 - 2026-06-19 23:25:26
[START] G11.0.1 - 2026-06-19 23:25:26
### Canonical manuscript checklist
             scope  ...                                            purpose
0       paper_main  ...  Expanded benchmark table displayed before narr...
1       paper_main  ...  Analytical support table for the expanded Figu...
2       paper_main  ...         Expanded main benchmark comparison figure.
3       paper_main  ...                          Canonical ablation table.
4       paper_main  ...             Analytical support table for Figure 2.
5       paper_main  ...                                   Ablation figure.
6       paper_main  ...                    Canonical explainability table.
7       paper_main  ...             Analytical support table for Figure 3.
8       paper_main  ...                             Explainability figure.
9       paper_main  ...                       Canonical calibration table.
10  paper_appendix  ...                 Benchmark family membership audit.
11  paper_appendix  ...                         Evaluation protocol audit.
12  paper_appendix  ...                    Preprocessing and tuning audit.
13  paper_appendix  ...               Compact bootstrap uncertainty table.
14  paper_appendix  ...                 Bootstrap inferential scope table.
15  paper_appendix  ...                Split and contextual overlap audit.
16  paper_appendix  ...                  Discrete-time diagnostic summary.
17  paper_appendix  ...                    Discrete-time hypothesis audit.
18  paper_appendix  ...                             Global Cox PH summary.
19  paper_appendix  ...                              Cox PH audit details.
20  paper_appendix  ...                           PH scope boundary table.
21  paper_appendix  ...                     Appendix PH diagnostic figure.

[22 rows x 5 columns]
#### Checklist interpretation
- The checklist currently finds 18 of 22 required manuscript-facing artifacts already frozen in paper_main or paper_appendix.
- Passing the checklist still requires more than file existence: each table must be printed in notebook output, each figure must be accompanied by numerical support, and each narrative block must stay tied to the displayed values.
- Missing artifacts that still block a fully closed manuscript-facing checklist: table_paper_appendix_bootstrap_inferential_scope_summary.csv, table_paper_appendix_discrete_time_diagnostic_summary.csv, table_paper_appendix_discrete_time_hypothesis_audit.csv, table_paper_appendix_ph_scope_boundary.csv.
#### Narrative quality requirements
- Do not write manuscript-facing text from generic templates.
- State who leads, who is closest, what the gap magnitude is, and where the hierarchy becomes metric-dependent.
- For every figure, show the support table or the equivalent analytical summary before the interpretation.
- State what the displayed evidence does not justify whenever the output only supports a cautious claim.
[END] G11.0.1 - 2026-06-19 23:25:26
[START] G7.29b - 2026-06-19 23:25:26
Explainability figure regenerated:
/Users/rafars/dropout_benchmark_desenv/outputs_benchmark_survival/paper_main/fig_paper_03_explainability_block_dominance_normalized.png
[END] G7.29b - 2026-06-19 23:25:26
[START] G11.0.1 - 2026-06-19 23:25:26
### Canonical manuscript checklist
             scope  ...                                            purpose
0       paper_main  ...   Main benchmark table displayed before narrative.
1       paper_main  ...             Analytical support table for Figure 1.
2       paper_main  ...  Canonical numeric claim table for the main ben...
3       paper_main  ...                  Main benchmark comparison figure.
4       paper_main  ...                          Canonical ablation table.
5       paper_main  ...             Analytical support table for Figure 2.
6       paper_main  ...  Canonical numeric claim table for the ablation...
7       paper_main  ...                                   Ablation figure.
8       paper_main  ...                    Canonical explainability table.
9       paper_main  ...             Analytical support table for Figure 3.
10      paper_main  ...                             Explainability figure.
11      paper_main  ...                       Canonical calibration table.
12  paper_appendix  ...                         Evaluation protocol audit.
13  paper_appendix  ...                    Preprocessing and tuning audit.
14  paper_appendix  ...               Compact bootstrap uncertainty table.
15  paper_appendix  ...                 Bootstrap inferential scope table.
16  paper_appendix  ...                Split and contextual overlap audit.
17  paper_appendix  ...  Canonical numeric claim table for the split/co...
18  paper_appendix  ...  Dynamic-arm weighting sensitivity summary expo...
19  paper_appendix  ...  Comparable-arm champions by early-window sensi...
20  paper_appendix  ...  Comparable-arm leadership stability across sen...
21  paper_appendix  ...  Canonical claim table for comparable-arm windo...
22  paper_appendix  ...     Cross-arm parity protocol exported from D5.16.
23  paper_appendix  ...     Cross-arm execution scope exported from D5.16.
24  paper_appendix  ...    Cross-arm decision summary exported from D5.16.
25  paper_appendix  ...         Cross-arm champions by sensitivity window.
26  paper_appendix  ...     Cross-arm leadership stability across windows.
27  paper_appendix  ...  Canonical claim table for cross-arm parity int...
28  paper_appendix  ...                  Discrete-time diagnostic summary.
29  paper_appendix  ...                    Discrete-time hypothesis audit.
30  paper_appendix  ...  Canonical numeric claim table for the discrete...
31  paper_appendix  ...                             Global Cox PH summary.
32  paper_appendix  ...                              Cox PH audit details.
33  paper_appendix  ...                           PH scope boundary table.
34  paper_appendix  ...  Canonical numeric claim table for the PH narra...
35  paper_appendix  ...                     Appendix PH diagnostic figure.

[36 rows x 5 columns]
#### Checklist interpretation
- The checklist currently finds 17 of 36 required manuscript-facing artifacts already frozen in paper_main or paper_appendix.
- Passing the checklist still requires more than file existence: each table must be printed in notebook output, each figure must be accompanied by numerical support, and each narrative block must stay tied to the displayed values.
- Missing artifacts that still block a fully closed manuscript-facing checklist: table_text_claim_main_benchmark_summary.csv, table_text_claim_ablation_summary.csv, table_paper_appendix_bootstrap_inferential_scope_summary.csv, table_paper_appendix_split_context_claims.csv, table_paper_appendix_weighting_sensitivity_summary.csv, table_paper_appendix_comparable_window_champions.csv, table_paper_appendix_comparable_window_leadership_stability.csv, table_paper_appendix_comparable_window_claims.csv, table_paper_appendix_cross_arm_parity_protocol.csv, table_paper_appendix_cross_arm_execution_scope.csv, table_paper_appendix_cross_arm_decision_summary.csv, table_paper_appendix_cross_arm_window_champions.csv, table_paper_appendix_cross_arm_window_leadership_stability.csv, table_paper_appendix_cross_arm_claims.csv, table_paper_appendix_discrete_time_diagnostic_summary.csv, table_paper_appendix_discrete_time_hypothesis_audit.csv, table_paper_appendix_discrete_time_bridge_claims.csv, table_paper_appendix_ph_scope_boundary.csv, table_paper_appendix_cox_ph_claims.csv.
#### Narrative quality requirements
- Do not write manuscript-facing text from generic templates.
- State who leads, who is closest, what the gap magnitude is, and where the hierarchy becomes metric-dependent.
- For every figure, show the support table or the equivalent analytical summary before the interpretation.
- State what the displayed evidence does not justify whenever the output only supports a cautious claim.
[END] G11.0.1 - 2026-06-19 23:25:26
[START] G11.1 - 2026-06-19 23:25:26
### Main benchmark comparison
                             Model  ...  Brier@30
0      Linear Discrete-Time Hazard  ...  0.197142
1    Neural Discrete-Time Survival  ...  0.198989
2    Poisson Piecewise-Exponential  ...  0.193142
3   Gradient-Boosted Weekly Hazard  ...  0.198053
4           CatBoost Weekly Hazard  ...  0.197988
5                   Cox Comparable  ...  0.162328
6                         DeepSurv  ...  0.158921
7           Random Survival Forest  ...  0.157386
8             Gradient-Boosted Cox  ...  0.158906
9                      Weibull AFT  ...  0.162387
10                  Royston-Parmar  ...  0.163930
11                     XGBoost AFT  ...  0.217430
12                     Neural-MTLR  ...  0.158837
13                         DeepHit  ...  0.161404

[14 rows x 7 columns]
#### Figure 1 support table
                             Model  ... TD Concordance
0      Linear Discrete-Time Hazard  ...       0.501283
1    Neural Discrete-Time Survival  ...       0.499218
2    Poisson Piecewise-Exponential  ...       0.501919
3   Gradient-Boosted Weekly Hazard  ...       0.501815
4           CatBoost Weekly Hazard  ...       0.501060
5                   Cox Comparable  ...       0.651160
6                         DeepSurv  ...       0.661949
7           Random Survival Forest  ...       0.673506
8             Gradient-Boosted Cox  ...       0.662124
9                      Weibull AFT  ...       0.613120
10                  Royston-Parmar  ...       0.643003
11                     XGBoost AFT  ...       0.577164
12                     Neural-MTLR  ...       0.656942
13                         DeepHit  ...       0.583493

[14 rows x 4 columns]
##### Figure 1 preview
Image(filename='/Users/rafars/dropout_benchmark_desenv/outputs_benchmark_survival/paper_main/fig_paper_01_benchmark_family_expanded_comparison.png')
- /Users/rafars/dropout_benchmark_desenv/outputs_benchmark_survival/paper_main/fig_paper_01_benchmark_family_expanded_comparison.png
#### Benchmark family membership audit
   stage_id  ...  execution_status
0      D5.1  ...         available
1      D5.2  ...         available
2      D5.3  ...         available
3      D5.4  ...         available
4      D5.5  ...         available
5      D5.6  ...         available
6      D5.7  ...         available
7      D5.8  ...         available
8      D5.9  ...         available
9     D5.10  ...         available
10    D5.11  ...         available
11    D5.12  ...         available
12    D5.13  ...         available
13    D5.14  ...         available
14    D5.15  ...         available

[15 rows x 11 columns]
G11.1: materialized DuckDB table -> table_text_claim_main_benchmark_summary
#### Benchmark interpretation
- The current IBS leader is Random Survival Forest with IBS = 0.1118, followed by Neural-MTLR at 0.1131; the IBS gap between them is 0.0013.
- The best time-dependent concordance is Random Survival Forest with TD Concordance = 0.6735, followed by Gradient-Boosted Cox at 0.6621; the TD gap is 0.0114.
- The frozen benchmark now carries the full fourteen-model predictive roster under two paper-facing families, with counts by family = {'continuous_time_comparable': 9, 'discrete_time_dynamic': 5}.
- At Brier@10, the best value is Random Survival Forest = 0.0947, followed by Neural-MTLR = 0.0954, a gap of 0.0008.
- At Brier@20, the best value is Random Survival Forest = 0.1329, followed by Neural-MTLR = 0.1340, a gap of 0.0011.
- At Brier@30, the best value is Random Survival Forest = 0.1574, followed by Neural-MTLR = 0.1588, a gap of 0.0015.
- The manuscript-facing takeaway is therefore a family-structured benchmark with enough within-family diversity to answer the limited-palette critique without opening a third representation contract.
### Ablation results: static versus temporal-behavioral signal
                                   Model  ... IBS ratio
0                 Cox Comparable (Tuned)  ...  2.458449
1                       DeepSurv (Tuned)  ...  1.857441
2               GB Weekly Hazard (Tuned)  ...  0.889568
3    Linear Discrete-Time Hazard (Tuned)  ...  2.216212
4                    Neural-MTLR (Tuned)  ...  1.904372
5  Neural Discrete-Time Survival (Tuned)  ...  0.432702
6  Poisson Piecewise-Exponential (Tuned)  ...  0.944521
7         Random Survival Forest (Tuned)  ...  1.200969

[8 rows x 7 columns]
#### Figure 2 support table
                                   Model  ... IBS ratio
0                 Cox Comparable (Tuned)  ...  2.458449
1                       DeepSurv (Tuned)  ...  1.857441
2               GB Weekly Hazard (Tuned)  ...  0.889568
3    Linear Discrete-Time Hazard (Tuned)  ...  2.216212
4                    Neural-MTLR (Tuned)  ...  1.904372
5  Neural Discrete-Time Survival (Tuned)  ...  0.432702
6  Poisson Piecewise-Exponential (Tuned)  ...  0.944521
7         Random Survival Forest (Tuned)  ...  1.200969

[8 rows x 7 columns]
##### Figure 2 preview
Image(filename='/Users/rafars/dropout_benchmark_desenv/outputs_benchmark_survival/paper_main/fig_paper_02_ablation_impact.png')
- /Users/rafars/dropout_benchmark_desenv/outputs_benchmark_survival/paper_main/fig_paper_02_ablation_impact.png
G11.1: materialized DuckDB table -> table_text_claim_ablation_summary
#### Ablation interpretation
- Across the exported ablation table, the largest temporal-versus-static IBS ratio is 2.4584 for Cox Comparable (Tuned), while the smallest ratio is 0.4327 for Neural Discrete-Time Survival (Tuned).
- On average, removing temporal signal changes IBS by 0.0033, compared with -0.0004 when removing static structure.
- The manuscript-safe interpretation remains that temporal-behavioral information is the dominant predictive block, even after the benchmark roster is expanded.
[END] G11.1 - 2026-06-19 23:25:26
[START] G11.2 - 2026-06-19 23:25:26
D6.4 manuscript-facing artifacts are not yet fully available in paper_appendix or DuckDB.
Notebook G is therefore refusing to synthesize a final discrete-time bridge claim without the upstream diagnostic freeze.
[END] G11.2 - 2026-06-19 23:25:26
[START] G11.3 - 2026-06-19 23:25:26
### Evaluation protocol audit
                             component  ...                                              notes
0                     unit_of_analysis  ...  All final benchmark comparisons are reported a...
1                     event_definition  ...  Observed withdrawal event with a valid time st...
2                    official_horizons  ...  Shared benchmark horizons used for Brier, IBS,...
3        primary_discrimination_metric  ...  The canonical discrimination metric is time-de...
4                  censoring_treatment  ...  Brier score and IBS use inverse-probability-of...
5    dynamic_vs_static_prediction_rule  ...  The weekly discrete-time arms update predictio...
6              leakage_prevention_rule  ...  The split is enforced at the enrollment level ...
7                 split_scope_boundary  ...  The benchmark generalizes across enrollments u...
8           primary_calibration_metric  ...  The main calibration criterion is the weighted...
9   expanded_calibration_strengthening  ...  Intercept and slope are retained as strengthen...
10          bootstrap_inferential_role  ...  Bootstrap is used to assess how stable the exp...
11                   ph_scope_boundary  ...  Formal classical PH auditing is available for ...

[12 rows x 4 columns]
- official_horizons = 10,20,30.
- primary_discrimination_metric = time_dependent_concordance.
- censoring_treatment = ipcw_brier_ibs_with_kaplan_meier_censoring_estimator.
- dynamic_vs_static_prediction_rule = dynamic_weekly_vs_early_window_comparable.
- leakage_prevention_rule = no_enrollment_identity_leakage.
- split_scope_boundary = shared_curricular_context_not_context_disjoint.
- primary_calibration_metric = weighted_absolute_calibration_gap_by_horizon.
- expanded_calibration_strengthening = intercept_and_slope_by_horizon.
- bootstrap_inferential_role = ranking_support_not_formal_hypothesis_testing.
- ph_scope_boundary = formal_classical_ph_audit_for_cox_anchor_only.
- This table is the manuscript contract layer for IPCW/Kaplan-Meier Brier-IBS scoring, time-dependent concordance, dynamic-weekly versus early-window comparability, anti-leakage split discipline, shared-context scope, and horizon-wise calibration.
### Preprocessing and tuning audit
         model_id  ...                                 complexity_control
0       cox_tuned  ...                                                NaN
1  deepsurv_tuned  ...  network architecture grid + dropout + weight d...
2       rsf_tuned  ...  forest size + leaf size + depth + feature subs...
3      mtlr_tuned  ...  discretization grid + network architecture + d...

[4 rows x 25 columns]
**Audit interpretation**
- Tuning candidates by family: Cox Comparable (Tuned)=N/A, DeepSurv (Tuned)=24, Random Survival Forest (Tuned)=24, Neural-MTLR (Tuned)=24.
- Validation strategy by family: Cox Comparable (Tuned)=train/validation split on enrollment_id with event stratification when possible, DeepSurv (Tuned)=random internal validation fraction on training rows, Random Survival Forest (Tuned)=train/validation split on enrollment_id with event stratification when possible, Neural-MTLR (Tuned)=train/validation split on enrollment_id with deterministic survival-time discretization.
- Selection metric by family: Cox Comparable (Tuned)=highest_validation_c_index, DeepSurv (Tuned)=lowest_validation_loss, Random Survival Forest (Tuned)=lowest_validation_ibs, Neural-MTLR (Tuned)=lowest_validation_ibs.
- Early stopping usage: Cox Comparable (Tuned)=nan, DeepSurv (Tuned)=yes, Random Survival Forest (Tuned)=no, Neural-MTLR (Tuned)=yes.
- This appendix table is the source-of-truth defense for preprocessing comparability and tuning discipline in the manuscript.
### Bootstrap uncertainty for the tuned benchmark hierarchy
                             model  ... n_successful_bootstrap
0           Cox Comparable (Tuned)  ...                    200
1           Cox Comparable (Tuned)  ...                    200
2           Cox Comparable (Tuned)  ...                    200
3           Cox Comparable (Tuned)  ...                    200
4           Cox Comparable (Tuned)  ...                    200
5                 DeepSurv (Tuned)  ...                    200
6                 DeepSurv (Tuned)  ...                    200
7                 DeepSurv (Tuned)  ...                    200
8                 DeepSurv (Tuned)  ...                    200
9                 DeepSurv (Tuned)  ...                    200
10  Random Survival Forest (Tuned)  ...                    200
11  Random Survival Forest (Tuned)  ...                    200
12  Random Survival Forest (Tuned)  ...                    200
13  Random Survival Forest (Tuned)  ...                    200
14  Random Survival Forest (Tuned)  ...                    200
15             Neural-MTLR (Tuned)  ...                    200
16             Neural-MTLR (Tuned)  ...                    200
17             Neural-MTLR (Tuned)  ...                    200
18             Neural-MTLR (Tuned)  ...                    200
19             Neural-MTLR (Tuned)  ...                    200

[20 rows x 5 columns]
#### Bootstrap inferential scope
       metric  ...                     recommended_manuscript_non_use
0         ibs  ...  Do not use as a retraining-based generalizatio...
1  c_index_td  ...  Do not use as a retraining-based generalizatio...

[2 rows x 22 columns]
##### What bootstrap supports
- Integrated Brier Score: Bootstrap preserves directional signal for Integrated Brier Score, but the ranking is not stable enough for a strong hierarchy claim.
- Time-dependent concordance: Bootstrap supports a largely stable, but not absolute, leadership pattern for Time-dependent concordance, led by Random Survival Forest (Tuned).
##### What bootstrap does not support
- Integrated Brier Score (directional_signal_only, leader = Random Survival Forest (Tuned)): These artifacts do not constitute a formal null-hypothesis test, do not prove a universally fixed hierarchy across samples, and should not be narrated as strict superiority without qualification.
- Time-dependent concordance (largely_stable_bootstrap_leadership, leader = Random Survival Forest (Tuned)): These artifacts do not constitute a formal null-hypothesis test, do not prove a universally fixed hierarchy across samples, and should not be narrated as strict superiority without qualification.
### Split and contextual overlap audit
   Split unit  ... Shared module-presentations
0  enrollment  ...                       22/22

[1 rows x 11 columns]
- The benchmark split covers 32593 enrollments, with 22815 in train and 9778 in test.
- Train and test event rates remain aligned at 0.2266 and 0.2266.
- Identity leakage is reported as no, while shared curricular context remains complete at modules 7/7, presentations 4/4, and module-presentations 22/22.
- This appendix table is therefore the formal basis for saying the split is leakage-free at the enrollment level but not context-disjoint.
G11.3: materialized DuckDB table -> table_paper_appendix_split_context_claims
### Proportional-hazards audit for the comparable Cox model
                    model  ...                                         audit_note
0  Cox Comparable (Tuned)  ...  Formal proportional-hazards audit for the comp...

[1 rows x 12 columns]
                                            covariate  ...  ph_flag_binary
0                           num__active_weeks_first_4  ...             yes
1                                cat__region_Scotland  ...             yes
2                           num__num_of_prev_attempts  ...             yes
3                      num__mean_clicks_first_4_weeks  ...             yes
4                                   cat__region_Wales  ...             yes
5                           num__clicks_first_4_weeks  ...             yes
6                                 cat__region_Ireland  ...             yes
7                        cat__region_Yorkshire Region  ...             yes
8                                cat__imd_band_80-90%  ...             yes
9                                  cat__imd_band_None  ...             yes
10                               num__studied_credits  ...              no
11                      cat__region_South West Region  ...              no
12                               cat__imd_band_70-80%  ...              no
13             cat__highest_education_No Formal quals  ...              no
14                                 cat__age_band_0-35  ...              no
15                                cat__imd_band_10-20  ...              no
16                              cat__imd_band_90-100%  ...              no
17                    cat__region_East Anglian Region  ...              no
18                                cat__imd_band_0-10%  ...              no
19                   cat__region_East Midlands Region  ...              no
20                           cat__region_North Region  ...              no
21                               cat__imd_band_20-30%  ...              no
22                                cat__age_band_35-55  ...              no
23                               cat__imd_band_50-60%  ...              no
24                   cat__region_West Midlands Region  ...              no
25                          cat__region_London Region  ...              no
26  cat__highest_education_Post Graduate Qualifica...  ...              no
27                               cat__imd_band_60-70%  ...              no
28                                  cat__disability_N  ...              no
29                                  cat__disability_Y  ...              no
30                               cat__imd_band_30-40%  ...              no
31                                      cat__gender_M  ...              no
32                                      cat__gender_F  ...              no
33       cat__highest_education_A Level or Equivalent  ...              no
34          cat__highest_education_Lower Than A Level  ...              no
35                           cat__region_South Region  ...              no
36                                 cat__age_band_55<=  ...              no
37                      cat__region_South East Region  ...              no
38                               cat__imd_band_40-50%  ...              no
39                   cat__region_North Western Region  ...              no
40            cat__highest_education_HE Qualification  ...              no

[41 rows x 5 columns]
#### PH scope boundary
                    model  ...                          manuscript_claim_boundary
0  Cox Comparable (Tuned)  ...  This stage supports a formal PH audit only for...
1        DeepSurv (Tuned)  ...  DeepSurv can be benchmarked on predictive perf...

[2 rows x 7 columns]
##### Appendix PH figure preview
Image(filename='/Users/rafars/dropout_benchmark_desenv/outputs_benchmark_survival/paper_appendix/fig_appendix_cox_ph_diagnostics.png')
- /Users/rafars/dropout_benchmark_desenv/outputs_benchmark_survival/paper_appendix/fig_appendix_cox_ph_diagnostics.png
- The comparable Cox audit tested 41 covariates and flagged 10, for a flagged share of 0.2439.
- The current global PH classification is C_broad_departure.
- Flagged covariates currently shown in the appendix audit: num__active_weeks_first_4, cat__region_Scotland, num__num_of_prev_attempts, num__mean_clicks_first_4_weeks, cat__region_Wales, num__clicks_first_4_weeks, cat__region_Ireland, cat__region_Yorkshire Region, cat__imd_band_80-90%, cat__imd_band_None.
- PH scope boundary by model: Cox Comparable (Tuned) -> formal diagnostic executed=yes, coverage=C_broad_departure; DeepSurv (Tuned) -> formal diagnostic executed=no, coverage=incomplete_formal_ph_coverage.
- This is the canonical place where the manuscript must separate formal PH scope boundary from a claim of total methodological failure.
G11.3: materialized DuckDB table -> table_paper_appendix_cox_ph_claims
Exported or refreshed appendix assets:
- /Users/rafars/dropout_benchmark_desenv/outputs_benchmark_survival/paper_appendix/table_paper_appendix_evaluation_protocol_audit.csv
- /Users/rafars/dropout_benchmark_desenv/outputs_benchmark_survival/paper_appendix/table_paper_appendix_preprocessing_and_tuning_audit.csv
- /Users/rafars/dropout_benchmark_desenv/outputs_benchmark_survival/paper_appendix/table_paper_appendix_bootstrap_inferential_scope_summary.csv
- /Users/rafars/dropout_benchmark_desenv/outputs_benchmark_survival/paper_appendix/table_paper_appendix_ph_scope_boundary.csv
- /Users/rafars/dropout_benchmark_desenv/outputs_benchmark_survival/paper_appendix/table_paper_appendix_split_context_claims.csv
- /Users/rafars/dropout_benchmark_desenv/outputs_benchmark_survival/paper_appendix/table_paper_appendix_cox_ph_claims.csv
- /Users/rafars/dropout_benchmark_desenv/outputs_benchmark_survival/paper_main/table_text_claim_main_benchmark_summary.csv
- /Users/rafars/dropout_benchmark_desenv/outputs_benchmark_survival/paper_main/table_text_claim_ablation_summary.csv
[END] G11.3 - 2026-06-19 23:25:26
[START] G11.4 - 2026-06-19 23:25:26
### Dynamic-arm weighting sensitivity
                       model_name  ... availability_status
0          catboost_weekly_hazard  ...           available
1          catboost_weekly_hazard  ...           available
2          catboost_weekly_hazard  ...           available
3          catboost_weekly_hazard  ...           available
4          catboost_weekly_hazard  ...           available
5     gb_weekly_hazard_unweighted  ...           available
6     gb_weekly_hazard_unweighted  ...           available
7     gb_weekly_hazard_unweighted  ...           available
8     gb_weekly_hazard_unweighted  ...           available
9     gb_weekly_hazard_unweighted  ...           available
10    linear_discrete_time_hazard  ...           available
11    linear_discrete_time_hazard  ...           available
12    linear_discrete_time_hazard  ...           available
13    linear_discrete_time_hazard  ...           available
14    linear_discrete_time_hazard  ...           available
15    neural_discrete_time_hazard  ...           available
16    neural_discrete_time_hazard  ...           available
17    neural_discrete_time_hazard  ...           available
18    neural_discrete_time_hazard  ...           available
19    neural_discrete_time_hazard  ...           available
20  poisson_piecewise_exponential  ...           available
21  poisson_piecewise_exponential  ...           available
22  poisson_piecewise_exponential  ...           available
23  poisson_piecewise_exponential  ...           available
24  poisson_piecewise_exponential  ...           available

[25 rows x 15 columns]
- At w=4, Linear Discrete-Time Hazard keeps the official not-weighted variant because IBS moves from 0.1400 to 0.6891 when weighting is applied, a delta of 0.5491.
- At w=4, Neural Discrete-Time Survival keeps the official not-weighted variant because IBS moves from 0.1410 to 0.6413 when weighting is applied, a delta of 0.5003.
- At w=4, Poisson Piecewise-Exponential keeps the official not-weighted variant because IBS moves from 0.1399 to 0.5971 when weighting is applied, a delta of 0.4572.
- At w=4, Gradient-Boosted Weekly Hazard keeps the official not-weighted variant because IBS moves from 0.1410 to 0.6034 when weighting is applied, a delta of 0.4624.
- At w=4, CatBoost Weekly Hazard keeps the official not-weighted variant because IBS moves from 0.1408 to 0.5984 when weighting is applied, a delta of 0.4576.
- This layer is a weighting sensitivity only. It does not redefine the official benchmark roster and must remain separated from the cross-arm parity question.
### Comparable-arm window sensitivity
   window_weeks     champion_model_name  ... champion_ibs champion_c_index
0             2  random_survival_forest  ...     0.118172         0.645349
1             4  random_survival_forest  ...     0.111840         0.673506
2             6  random_survival_forest  ...     0.106924         0.697596
3             8  random_survival_forest  ...     0.102167         0.718189
4            10  random_survival_forest  ...     0.099449         0.731903

[5 rows x 6 columns]
#### Comparable-arm leadership stability
               model_name  champion_window_count  champion_window_share
0  random_survival_forest                      5                    1.0
G11.4: materialized DuckDB table -> table_paper_appendix_comparable_window_claims
- Across the tracked comparable windows, the champion sequence is Random Survival Forest, Random Survival Forest, Random Survival Forest, Random Survival Forest, Random Survival Forest.
- The canonical window remains w=4 by contract, but the current comparable winner at w=4 is Random Survival Forest and the same model is also the only champion observed across all tracked windows.
- This means the present data do not force a new official comparable window: window sensitivity and the editorial decision about w=4 must remain separated in the manuscript.
### Cross-arm parity protocol and execution scope
   protocol_order  ...                                              notes
0               1  ...  Cross-arm interpretation must remain contract-...
1               2  ...  The canonical enrollment window remains fixed ...
2               3  ...  Window sensitivity is tracked separately from ...

[3 rows x 4 columns]
                    scope_key  ...                                              notes
0      predictive_model_count  ...  Expanded benchmark roster excluding the contra...
1     dynamic_arm_model_count  ...  Dynamic weekly person-period models retained i...
2  comparable_arm_model_count  ...  Comparable early-window continuous-time models...
3        contract_stage_count  ...  Non-predictive runtime contract materializatio...

[4 rows x 3 columns]
#### Cross-arm winners by window
   window_weeks  ... delta_c_index_winner_minus_runner_up
0             2  ...                             0.162373
1             4  ...                             0.171587
2             6  ...                             0.202979
3             8  ...                             0.214581
4            10  ...                             0.240451

[5 rows x 15 columns]
#### Cross-arm leadership stability
  winning_arm_name  winning_window_count  winning_window_share
0       comparable                     5                   1.0
#### Cross-arm decision summary
                                 decision_key  ...                                              notes
0                    cross_arm_window_winners  ...  Ordered winning models across sensitivity wind...
1               cross_arm_window_winning_arms  ...  Ordered winning arms across sensitivity window...
2  cross_arm_changes_main_benchmark_narrative  ...  Set to yes if any sensitivity window selects t...

[3 rows x 3 columns]
G11.4: materialized DuckDB table -> table_paper_appendix_cross_arm_claims
- Under the current equal-window cross-arm layer, the winning arm sequence is comparable, comparable, comparable, comparable, comparable and the winning model sequence is Random Survival Forest, Random Survival Forest, Random Survival Forest, Random Survival Forest, Random Survival Forest.
- The D5.16 decision summary currently marks the answer to whether cross-arm parity changes the benchmark narrative as no.
- This answer must still be narrated as a separate sensitivity layer: official benchmark, window sensitivity, weighting sensitivity, and cross-arm parity remain distinct manuscript objects.
Exported D5.16 manuscript-facing appendix tables:
- /Users/rafars/dropout_benchmark_desenv/outputs_benchmark_survival/paper_appendix/table_paper_appendix_weighting_sensitivity_summary.csv
- /Users/rafars/dropout_benchmark_desenv/outputs_benchmark_survival/paper_appendix/table_paper_appendix_comparable_window_champions.csv
- /Users/rafars/dropout_benchmark_desenv/outputs_benchmark_survival/paper_appendix/table_paper_appendix_comparable_window_leadership_stability.csv
- /Users/rafars/dropout_benchmark_desenv/outputs_benchmark_survival/paper_appendix/table_paper_appendix_comparable_window_claims.csv
- /Users/rafars/dropout_benchmark_desenv/outputs_benchmark_survival/paper_appendix/table_paper_appendix_cross_arm_parity_protocol.csv
- /Users/rafars/dropout_benchmark_desenv/outputs_benchmark_survival/paper_appendix/table_paper_appendix_cross_arm_execution_scope.csv
- /Users/rafars/dropout_benchmark_desenv/outputs_benchmark_survival/paper_appendix/table_paper_appendix_cross_arm_decision_summary.csv
- /Users/rafars/dropout_benchmark_desenv/outputs_benchmark_survival/paper_appendix/table_paper_appendix_cross_arm_window_champions.csv
- /Users/rafars/dropout_benchmark_desenv/outputs_benchmark_survival/paper_appendix/table_paper_appendix_cross_arm_window_leadership_stability.csv
- /Users/rafars/dropout_benchmark_desenv/outputs_benchmark_survival/paper_appendix/table_paper_appendix_cross_arm_claims.csv
[END] G11.4 - 2026-06-19 23:25:27
[START] G12 - 2026-06-19 23:25:27
G11 local connection aliases the shared notebook connection; closing it once via the shared shutdown helper.
DuckDB connection closed.
[END] G12 - 2026-06-19 23:25:28
